Archive member included because of file (symbol)

c:/program files (x86)/gnu tools arm embedded/4.8 2014q1/bin/../lib/gcc/arm-none-eabi/4.8.3/armv7e-m\libgcc.a(_arm_addsubdf3.o)
                              ..\obj\accelerometers.o (__aeabi_i2d)
c:/program files (x86)/gnu tools arm embedded/4.8 2014q1/bin/../lib/gcc/arm-none-eabi/4.8.3/armv7e-m\libgcc.a(_arm_muldivdf3.o)
                              ..\obj\accelerometers.o (__aeabi_dmul)

Allocating common symbols
Common symbol       size              file

ticker              0x4               ..\obj\main.o
APP_Tx_Buffer       0x80              ..\obj\usbd_cdc_vcp.o
usbd_cdc_OtherCfgDesc
                    0x43              ..\obj\usbd_cdc_core.o
APP_tx_ptr_tail     0x4               ..\obj\usbd_cdc_vcp.o
downTicker          0x4               ..\obj\main.o
USB_Rx_Buffer       0x40              ..\obj\usbd_cdc_core.o
USART_InitStructure
                    0x10              ..\obj\usbd_cdc_vcp.o
CmdBuff             0x8               ..\obj\usbd_cdc_core.o
USB_OTG_dev         0x5f0             ..\obj\main.o
APP_Rx_Buffer       0x800             ..\obj\usbd_cdc_core.o
USBD_StrDesc        0x32              ..\obj\usbd_req.o
APP_tx_ptr_head     0x4               ..\obj\usbd_cdc_vcp.o

Discarded input sections

 .text          0x00000000        0x0 ..\obj\accelerometers.o
 .bss           0x00000000        0x0 ..\obj\accelerometers.o
 .text.Delay    0x00000000       0x20 ..\obj\accelerometers.o
 .text          0x00000000        0x0 ..\obj\usb_core.o
 .data          0x00000000        0x0 ..\obj\usb_core.o
 .bss           0x00000000        0x0 ..\obj\usb_core.o
 .text.USB_OTG_IsHostMode
                0x00000000       0x24 ..\obj\usb_core.o
 .text.USB_OTG_ReadOtgItr
                0x00000000       0x1c ..\obj\usb_core.o
 .text.USB_OTG_ActiveRemoteWakeup
                0x00000000       0x8c ..\obj\usb_core.o
 .text.USB_OTG_StopDevice
                0x00000000       0x80 ..\obj\usb_core.o
 .text.USB_OTG_GetEPStatus
                0x00000000       0xac ..\obj\usb_core.o
 .text.USB_OTG_SetEPStatus
                0x00000000      0x12c ..\obj\usb_core.o
 .text          0x00000000        0x0 ..\obj\usbd_usr.o
 .bss           0x00000000        0x0 ..\obj\usbd_usr.o
 .text          0x00000000        0x0 ..\obj\stm32f4xx_usart.o
 .data          0x00000000        0x0 ..\obj\stm32f4xx_usart.o
 .bss           0x00000000        0x0 ..\obj\stm32f4xx_usart.o
 .text.USART_DeInit
                0x00000000       0xd0 ..\obj\stm32f4xx_usart.o
 .text.USART_Init
                0x00000000      0x174 ..\obj\stm32f4xx_usart.o
 .text.USART_StructInit
                0x00000000       0x38 ..\obj\stm32f4xx_usart.o
 .text.USART_ClockInit
                0x00000000       0x54 ..\obj\stm32f4xx_usart.o
 .text.USART_ClockStructInit
                0x00000000       0x2c ..\obj\stm32f4xx_usart.o
 .text.USART_Cmd
                0x00000000       0x40 ..\obj\stm32f4xx_usart.o
 .text.USART_SetPrescaler
                0x00000000       0x38 ..\obj\stm32f4xx_usart.o
 .text.USART_OverSampling8Cmd
                0x00000000       0x44 ..\obj\stm32f4xx_usart.o
 .text.USART_OneBitMethodCmd
                0x00000000       0x40 ..\obj\stm32f4xx_usart.o
 .text.USART_SendData
                0x00000000       0x24 ..\obj\stm32f4xx_usart.o
 .text.USART_ReceiveData
                0x00000000       0x20 ..\obj\stm32f4xx_usart.o
 .text.USART_SetAddress
                0x00000000       0x38 ..\obj\stm32f4xx_usart.o
 .text.USART_ReceiverWakeUpCmd
                0x00000000       0x40 ..\obj\stm32f4xx_usart.o
 .text.USART_WakeUpConfig
                0x00000000       0x38 ..\obj\stm32f4xx_usart.o
 .text.USART_LINBreakDetectLengthConfig
                0x00000000       0x38 ..\obj\stm32f4xx_usart.o
 .text.USART_LINCmd
                0x00000000       0x40 ..\obj\stm32f4xx_usart.o
 .text.USART_SendBreak
                0x00000000       0x24 ..\obj\stm32f4xx_usart.o
 .text.USART_HalfDuplexCmd
                0x00000000       0x40 ..\obj\stm32f4xx_usart.o
 .text.USART_SetGuardTime
                0x00000000       0x3c ..\obj\stm32f4xx_usart.o
 .text.USART_SmartCardCmd
                0x00000000       0x40 ..\obj\stm32f4xx_usart.o
 .text.USART_SmartCardNACKCmd
                0x00000000       0x40 ..\obj\stm32f4xx_usart.o
 .text.USART_IrDAConfig
                0x00000000       0x38 ..\obj\stm32f4xx_usart.o
 .text.USART_IrDACmd
                0x00000000       0x40 ..\obj\stm32f4xx_usart.o
 .text.USART_DMACmd
                0x00000000       0x48 ..\obj\stm32f4xx_usart.o
 .text.USART_ITConfig
                0x00000000       0x90 ..\obj\stm32f4xx_usart.o
 .text.USART_GetFlagStatus
                0x00000000       0x38 ..\obj\stm32f4xx_usart.o
 .text.USART_ClearFlag
                0x00000000       0x20 ..\obj\stm32f4xx_usart.o
 .text.USART_GetITStatus
                0x00000000       0xb0 ..\obj\stm32f4xx_usart.o
 .text.USART_ClearITPendingBit
                0x00000000       0x38 ..\obj\stm32f4xx_usart.o
 .debug_info    0x00000000      0x9c2 ..\obj\stm32f4xx_usart.o
 .debug_abbrev  0x00000000      0x155 ..\obj\stm32f4xx_usart.o
 .debug_aranges
                0x00000000      0x100 ..\obj\stm32f4xx_usart.o
 .debug_ranges  0x00000000       0xf0 ..\obj\stm32f4xx_usart.o
 .debug_line    0x00000000      0x51d ..\obj\stm32f4xx_usart.o
 .debug_str     0x00000000      0x6aa ..\obj\stm32f4xx_usart.o
 .comment       0x00000000       0x71 ..\obj\stm32f4xx_usart.o
 .ARM.attributes
                0x00000000       0x33 ..\obj\stm32f4xx_usart.o
 .debug_frame   0x00000000      0x344 ..\obj\stm32f4xx_usart.o
 .text          0x00000000        0x0 ..\obj\startup_stm32f4xx.o
 .data          0x00000000        0x0 ..\obj\startup_stm32f4xx.o
 .bss           0x00000000        0x0 ..\obj\startup_stm32f4xx.o
 .text          0x00000000        0x0 ..\obj\usbd_core.o
 .bss           0x00000000        0x0 ..\obj\usbd_core.o
 .text          0x00000000        0x0 ..\obj\main.o
 .data          0x00000000        0x0 ..\obj\main.o
 .bss           0x00000000        0x0 ..\obj\main.o
 .text          0x00000000        0x0 ..\obj\stm32f4xx_rcc.o
 .bss           0x00000000        0x0 ..\obj\stm32f4xx_rcc.o
 .text.RCC_DeInit
                0x00000000       0x50 ..\obj\stm32f4xx_rcc.o
 .text.RCC_HSEConfig
                0x00000000       0x24 ..\obj\stm32f4xx_rcc.o
 .text.RCC_WaitForHSEStartUp
                0x00000000       0x50 ..\obj\stm32f4xx_rcc.o
 .text.RCC_AdjustHSICalibrationValue
                0x00000000       0x3c ..\obj\stm32f4xx_rcc.o
 .text.RCC_HSICmd
                0x00000000       0x20 ..\obj\stm32f4xx_rcc.o
 .text.RCC_LSEConfig
                0x00000000       0x40 ..\obj\stm32f4xx_rcc.o
 .text.RCC_LSICmd
                0x00000000       0x20 ..\obj\stm32f4xx_rcc.o
 .text.RCC_PLLConfig
                0x00000000       0x3c ..\obj\stm32f4xx_rcc.o
 .text.RCC_PLLCmd
                0x00000000       0x20 ..\obj\stm32f4xx_rcc.o
 .text.RCC_PLLI2SConfig
                0x00000000       0x28 ..\obj\stm32f4xx_rcc.o
 .text.RCC_PLLI2SCmd
                0x00000000       0x20 ..\obj\stm32f4xx_rcc.o
 .text.RCC_ClockSecuritySystemCmd
                0x00000000       0x20 ..\obj\stm32f4xx_rcc.o
 .text.RCC_MCO1Config
                0x00000000       0x3c ..\obj\stm32f4xx_rcc.o
 .text.RCC_MCO2Config
                0x00000000       0x3c ..\obj\stm32f4xx_rcc.o
 .text.RCC_SYSCLKConfig
                0x00000000       0x38 ..\obj\stm32f4xx_rcc.o
 .text.RCC_GetSYSCLKSource
                0x00000000       0x20 ..\obj\stm32f4xx_rcc.o
 .text.RCC_HCLKConfig
                0x00000000       0x38 ..\obj\stm32f4xx_rcc.o
 .text.RCC_PCLK1Config
                0x00000000       0x38 ..\obj\stm32f4xx_rcc.o
 .text.RCC_PCLK2Config
                0x00000000       0x38 ..\obj\stm32f4xx_rcc.o
 .text.RCC_RTCCLKConfig
                0x00000000       0x5c ..\obj\stm32f4xx_rcc.o
 .text.RCC_RTCCLKCmd
                0x00000000       0x20 ..\obj\stm32f4xx_rcc.o
 .text.RCC_BackupResetCmd
                0x00000000       0x20 ..\obj\stm32f4xx_rcc.o
 .text.RCC_I2SCLKConfig
                0x00000000       0x1c ..\obj\stm32f4xx_rcc.o
 .text.RCC_AHB3PeriphClockCmd
                0x00000000       0x3c ..\obj\stm32f4xx_rcc.o
 .text.RCC_AHB1PeriphResetCmd
                0x00000000       0x3c ..\obj\stm32f4xx_rcc.o
 .text.RCC_AHB2PeriphResetCmd
                0x00000000       0x3c ..\obj\stm32f4xx_rcc.o
 .text.RCC_AHB3PeriphResetCmd
                0x00000000       0x3c ..\obj\stm32f4xx_rcc.o
 .text.RCC_AHB1PeriphClockLPModeCmd
                0x00000000       0x3c ..\obj\stm32f4xx_rcc.o
 .text.RCC_AHB2PeriphClockLPModeCmd
                0x00000000       0x3c ..\obj\stm32f4xx_rcc.o
 .text.RCC_AHB3PeriphClockLPModeCmd
                0x00000000       0x3c ..\obj\stm32f4xx_rcc.o
 .text.RCC_APB1PeriphClockLPModeCmd
                0x00000000       0x3c ..\obj\stm32f4xx_rcc.o
 .text.RCC_APB2PeriphClockLPModeCmd
                0x00000000       0x3c ..\obj\stm32f4xx_rcc.o
 .text.RCC_ITConfig
                0x00000000       0x48 ..\obj\stm32f4xx_rcc.o
 .text.RCC_GetFlagStatus
                0x00000000       0x74 ..\obj\stm32f4xx_rcc.o
 .text.RCC_ClearFlag
                0x00000000       0x1c ..\obj\stm32f4xx_rcc.o
 .text.RCC_GetITStatus
                0x00000000       0x38 ..\obj\stm32f4xx_rcc.o
 .text.RCC_ClearITPendingBit
                0x00000000       0x20 ..\obj\stm32f4xx_rcc.o
 .text          0x00000000        0x0 ..\obj\usbd_desc.o
 .bss           0x00000000        0x0 ..\obj\usbd_desc.o
 .text          0x00000000        0x0 ..\obj\stm32f4xx_gpio.o
 .data          0x00000000        0x0 ..\obj\stm32f4xx_gpio.o
 .bss           0x00000000        0x0 ..\obj\stm32f4xx_gpio.o
 .text.GPIO_DeInit
                0x00000000      0x120 ..\obj\stm32f4xx_gpio.o
 .text.GPIO_StructInit
                0x00000000       0x34 ..\obj\stm32f4xx_gpio.o
 .text.GPIO_PinLockConfig
                0x00000000       0x44 ..\obj\stm32f4xx_gpio.o
 .text.GPIO_ReadInputDataBit
                0x00000000       0x34 ..\obj\stm32f4xx_gpio.o
 .text.GPIO_ReadInputData
                0x00000000       0x1c ..\obj\stm32f4xx_gpio.o
 .text.GPIO_ReadOutputDataBit
                0x00000000       0x34 ..\obj\stm32f4xx_gpio.o
 .text.GPIO_ReadOutputData
                0x00000000       0x1c ..\obj\stm32f4xx_gpio.o
 .text.GPIO_WriteBit
                0x00000000       0x30 ..\obj\stm32f4xx_gpio.o
 .text.GPIO_Write
                0x00000000       0x1c ..\obj\stm32f4xx_gpio.o
 .text          0x00000000        0x0 ..\obj\usbd_cdc_vcp.o
 .bss           0x00000000        0x0 ..\obj\usbd_cdc_vcp.o
 .text.VCP_put_char
                0x00000000       0x1c ..\obj\usbd_cdc_vcp.o
 .text.VCP_put_int16_t
                0x00000000       0x30 ..\obj\usbd_cdc_vcp.o
 .text.VCP_send_str
                0x00000000       0x30 ..\obj\usbd_cdc_vcp.o
 .text.VCP_get_string
                0x00000000      0x120 ..\obj\usbd_cdc_vcp.o
 .text.EVAL_COM_IRQHandler
                0x00000000        0xc ..\obj\usbd_cdc_vcp.o
 .text          0x00000000        0x0 ..\obj\system_stm32f4xx.o
 .bss           0x00000000        0x0 ..\obj\system_stm32f4xx.o
 .text          0x00000000        0x0 ..\obj\stm32f4xx_dma.o
 .data          0x00000000        0x0 ..\obj\stm32f4xx_dma.o
 .bss           0x00000000        0x0 ..\obj\stm32f4xx_dma.o
 .text.DMA_DeInit
                0x00000000      0x1a4 ..\obj\stm32f4xx_dma.o
 .text.DMA_Init
                0x00000000       0xac ..\obj\stm32f4xx_dma.o
 .text.DMA_StructInit
                0x00000000       0x6c ..\obj\stm32f4xx_dma.o
 .text.DMA_Cmd  0x00000000       0x38 ..\obj\stm32f4xx_dma.o
 .text.DMA_PeriphIncOffsetSizeConfig
                0x00000000       0x34 ..\obj\stm32f4xx_dma.o
 .text.DMA_FlowControllerConfig
                0x00000000       0x34 ..\obj\stm32f4xx_dma.o
 .text.DMA_SetCurrDataCounter
                0x00000000       0x1c ..\obj\stm32f4xx_dma.o
 .text.DMA_GetCurrDataCounter
                0x00000000       0x1c ..\obj\stm32f4xx_dma.o
 .text.DMA_DoubleBufferModeConfig
                0x00000000       0x3c ..\obj\stm32f4xx_dma.o
 .text.DMA_DoubleBufferModeCmd
                0x00000000       0x38 ..\obj\stm32f4xx_dma.o
 .text.DMA_MemoryTargetConfig
                0x00000000       0x2c ..\obj\stm32f4xx_dma.o
 .text.DMA_GetCurrentMemoryTarget
                0x00000000       0x30 ..\obj\stm32f4xx_dma.o
 .text.DMA_GetCmdStatus
                0x00000000       0x30 ..\obj\stm32f4xx_dma.o
 .text.DMA_GetFIFOStatus
                0x00000000       0x24 ..\obj\stm32f4xx_dma.o
 .text.DMA_GetFlagStatus
                0x00000000       0x78 ..\obj\stm32f4xx_dma.o
 .text.DMA_ClearFlag
                0x00000000       0x5c ..\obj\stm32f4xx_dma.o
 .text.DMA_ITConfig
                0x00000000       0x74 ..\obj\stm32f4xx_dma.o
 .text.DMA_GetITStatus
                0x00000000       0xb0 ..\obj\stm32f4xx_dma.o
 .text.DMA_ClearITPendingBit
                0x00000000       0x5c ..\obj\stm32f4xx_dma.o
 .debug_info    0x00000000      0x739 ..\obj\stm32f4xx_dma.o
 .debug_abbrev  0x00000000      0x155 ..\obj\stm32f4xx_dma.o
 .debug_aranges
                0x00000000       0xb0 ..\obj\stm32f4xx_dma.o
 .debug_ranges  0x00000000       0xa0 ..\obj\stm32f4xx_dma.o
 .debug_line    0x00000000      0x457 ..\obj\stm32f4xx_dma.o
 .debug_str     0x00000000      0x55d ..\obj\stm32f4xx_dma.o
 .comment       0x00000000       0x71 ..\obj\stm32f4xx_dma.o
 .ARM.attributes
                0x00000000       0x33 ..\obj\stm32f4xx_dma.o
 .debug_frame   0x00000000      0x224 ..\obj\stm32f4xx_dma.o
 .text          0x00000000        0x0 ..\obj\usb_bsp.o
 .data          0x00000000        0x0 ..\obj\usb_bsp.o
 .bss           0x00000000        0x0 ..\obj\usb_bsp.o
 .text.USB_OTG_BSP_ConfigVBUS
                0x00000000       0x14 ..\obj\usb_bsp.o
 .text.USB_OTG_BSP_DriveVBUS
                0x00000000       0x18 ..\obj\usb_bsp.o
 .text          0x00000000        0x0 ..\obj\usbd_req.o
 .data          0x00000000        0x0 ..\obj\usbd_req.o
 .text          0x00000000        0x0 ..\obj\usb_dcd_int.o
 .data          0x00000000        0x0 ..\obj\usb_dcd_int.o
 .bss           0x00000000        0x0 ..\obj\usb_dcd_int.o
 .text          0x00000000        0x0 ..\obj\usbd_cdc_core.o
 .text          0x00000000        0x0 ..\obj\stm32f4xx_spi.o
 .data          0x00000000        0x0 ..\obj\stm32f4xx_spi.o
 .bss           0x00000000        0x0 ..\obj\stm32f4xx_spi.o
 .text.I2S_Init
                0x00000000      0x1b0 ..\obj\stm32f4xx_spi.o
 .text.SPI_StructInit
                0x00000000       0x48 ..\obj\stm32f4xx_spi.o
 .text.I2S_StructInit
                0x00000000       0x38 ..\obj\stm32f4xx_spi.o
 .text.I2S_Cmd  0x00000000       0x40 ..\obj\stm32f4xx_spi.o
 .text.SPI_DataSizeConfig
                0x00000000       0x38 ..\obj\stm32f4xx_spi.o
 .text.SPI_BiDirectionalLineConfig
                0x00000000       0x40 ..\obj\stm32f4xx_spi.o
 .text.SPI_NSSInternalSoftwareConfig
                0x00000000       0x44 ..\obj\stm32f4xx_spi.o
 .text.SPI_SSOutputCmd
                0x00000000       0x40 ..\obj\stm32f4xx_spi.o
 .text.SPI_TIModeCmd
                0x00000000       0x40 ..\obj\stm32f4xx_spi.o
 .text.I2S_FullDuplexConfig
                0x00000000       0x9c ..\obj\stm32f4xx_spi.o
 .text.SPI_CalculateCRC
                0x00000000       0x40 ..\obj\stm32f4xx_spi.o
 .text.SPI_TransmitCRC
                0x00000000       0x24 ..\obj\stm32f4xx_spi.o
 .text.SPI_GetCRC
                0x00000000       0x34 ..\obj\stm32f4xx_spi.o
 .text.SPI_GetCRCPolynomial
                0x00000000       0x1c ..\obj\stm32f4xx_spi.o
 .text.SPI_I2S_DMACmd
                0x00000000       0x48 ..\obj\stm32f4xx_spi.o
 .text.SPI_I2S_ITConfig
                0x00000000       0x60 ..\obj\stm32f4xx_spi.o
 .text.SPI_I2S_ClearFlag
                0x00000000       0x20 ..\obj\stm32f4xx_spi.o
 .text.SPI_I2S_GetITStatus
                0x00000000       0x78 ..\obj\stm32f4xx_spi.o
 .text.SPI_I2S_ClearITPendingBit
                0x00000000       0x34 ..\obj\stm32f4xx_spi.o
 .text          0x00000000        0x0 ..\obj\stm32f4xx_i2c.o
 .data          0x00000000        0x0 ..\obj\stm32f4xx_i2c.o
 .bss           0x00000000        0x0 ..\obj\stm32f4xx_i2c.o
 .text.I2C_DeInit
                0x00000000       0x74 ..\obj\stm32f4xx_i2c.o
 .text.I2C_StructInit
                0x00000000       0x3c ..\obj\stm32f4xx_i2c.o
 .text.I2C_OwnAddress2Config
                0x00000000       0x40 ..\obj\stm32f4xx_i2c.o
 .text.I2C_DualAddressCmd
                0x00000000       0x40 ..\obj\stm32f4xx_i2c.o
 .text.I2C_GeneralCallCmd
                0x00000000       0x40 ..\obj\stm32f4xx_i2c.o
 .text.I2C_SoftwareResetCmd
                0x00000000       0x44 ..\obj\stm32f4xx_i2c.o
 .text.I2C_StretchClockCmd
                0x00000000       0x40 ..\obj\stm32f4xx_i2c.o
 .text.I2C_FastModeDutyCycleConfig
                0x00000000       0x40 ..\obj\stm32f4xx_i2c.o
 .text.I2C_NACKPositionConfig
                0x00000000       0x40 ..\obj\stm32f4xx_i2c.o
 .text.I2C_SMBusAlertConfig
                0x00000000       0x40 ..\obj\stm32f4xx_i2c.o
 .text.I2C_ARPCmd
                0x00000000       0x40 ..\obj\stm32f4xx_i2c.o
 .text.I2C_TransmitPEC
                0x00000000       0x40 ..\obj\stm32f4xx_i2c.o
 .text.I2C_PECPositionConfig
                0x00000000       0x40 ..\obj\stm32f4xx_i2c.o
 .text.I2C_CalculatePEC
                0x00000000       0x40 ..\obj\stm32f4xx_i2c.o
 .text.I2C_GetPEC
                0x00000000       0x20 ..\obj\stm32f4xx_i2c.o
 .text.I2C_DMACmd
                0x00000000       0x40 ..\obj\stm32f4xx_i2c.o
 .text.I2C_DMALastTransferCmd
                0x00000000       0x40 ..\obj\stm32f4xx_i2c.o
 .text.I2C_ReadRegister
                0x00000000       0x30 ..\obj\stm32f4xx_i2c.o
 .text.I2C_ITConfig
                0x00000000       0x48 ..\obj\stm32f4xx_i2c.o
 .text.I2C_GetLastEvent
                0x00000000       0x44 ..\obj\stm32f4xx_i2c.o
 .text.I2C_ClearFlag
                0x00000000       0x2c ..\obj\stm32f4xx_i2c.o
 .text.I2C_GetITStatus
                0x00000000       0x5c ..\obj\stm32f4xx_i2c.o
 .text.I2C_ClearITPendingBit
                0x00000000       0x2c ..\obj\stm32f4xx_i2c.o
 .text          0x00000000        0x0 ..\obj\stm32f4xx_exti.o
 .data          0x00000000        0x0 ..\obj\stm32f4xx_exti.o
 .bss           0x00000000        0x0 ..\obj\stm32f4xx_exti.o
 .text.EXTI_DeInit
                0x00000000       0x34 ..\obj\stm32f4xx_exti.o
 .text.EXTI_Init
                0x00000000       0xdc ..\obj\stm32f4xx_exti.o
 .text.EXTI_StructInit
                0x00000000       0x2c ..\obj\stm32f4xx_exti.o
 .text.EXTI_GenerateSWInterrupt
                0x00000000       0x24 ..\obj\stm32f4xx_exti.o
 .text.EXTI_GetFlagStatus
                0x00000000       0x34 ..\obj\stm32f4xx_exti.o
 .text.EXTI_ClearFlag
                0x00000000       0x1c ..\obj\stm32f4xx_exti.o
 .text.EXTI_GetITStatus
                0x00000000       0x48 ..\obj\stm32f4xx_exti.o
 .text          0x00000000        0x0 ..\obj\misc.o
 .data          0x00000000        0x0 ..\obj\misc.o
 .bss           0x00000000        0x0 ..\obj\misc.o
 .text.NVIC_SetVectorTable
                0x00000000       0x2c ..\obj\misc.o
 .text.NVIC_SystemLPConfig
                0x00000000       0x40 ..\obj\misc.o
 .text.SysTick_CLKSourceConfig
                0x00000000       0x38 ..\obj\misc.o
 .text          0x00000000        0x0 ..\obj\usb_dcd.o
 .data          0x00000000        0x0 ..\obj\usb_dcd.o
 .bss           0x00000000        0x0 ..\obj\usb_dcd.o
 .text.DCD_EP_Flush
                0x00000000       0x34 ..\obj\usb_dcd.o
 .text.DCD_DevConnect
                0x00000000       0x2c ..\obj\usb_dcd.o
 .text.DCD_DevDisconnect
                0x00000000       0x2c ..\obj\usb_dcd.o
 .text.DCD_GetEPStatus
                0x00000000       0x5c ..\obj\usb_dcd.o
 .text.DCD_SetEPStatus
                0x00000000       0x54 ..\obj\usb_dcd.o
 .text          0x00000000        0x0 ..\obj\usbd_ioreq.o
 .data          0x00000000        0x0 ..\obj\usbd_ioreq.o
 .bss           0x00000000        0x0 ..\obj\usbd_ioreq.o
 .text.USBD_GetRxCount
                0x00000000       0x30 ..\obj\usbd_ioreq.o
 .text          0x00000000        0x0 ..\obj\stm32f4xx_tim.o
 .data          0x00000000        0x0 ..\obj\stm32f4xx_tim.o
 .bss           0x00000000        0x0 ..\obj\stm32f4xx_tim.o
 .text.TIM_DeInit
                0x00000000      0x1bc ..\obj\stm32f4xx_tim.o
 .text.TIM_TimeBaseInit
                0x00000000       0xd4 ..\obj\stm32f4xx_tim.o
 .text.TIM_TimeBaseStructInit
                0x00000000       0x34 ..\obj\stm32f4xx_tim.o
 .text.TIM_PrescalerConfig
                0x00000000       0x28 ..\obj\stm32f4xx_tim.o
 .text.TIM_CounterModeConfig
                0x00000000       0x38 ..\obj\stm32f4xx_tim.o
 .text.TIM_SetCounter
                0x00000000       0x1c ..\obj\stm32f4xx_tim.o
 .text.TIM_SetAutoreload
                0x00000000       0x1c ..\obj\stm32f4xx_tim.o
 .text.TIM_GetCounter
                0x00000000       0x18 ..\obj\stm32f4xx_tim.o
 .text.TIM_GetPrescaler
                0x00000000       0x1c ..\obj\stm32f4xx_tim.o
 .text.TIM_UpdateDisableConfig
                0x00000000       0x40 ..\obj\stm32f4xx_tim.o
 .text.TIM_UpdateRequestConfig
                0x00000000       0x40 ..\obj\stm32f4xx_tim.o
 .text.TIM_ARRPreloadConfig
                0x00000000       0x40 ..\obj\stm32f4xx_tim.o
 .text.TIM_SelectOnePulseMode
                0x00000000       0x38 ..\obj\stm32f4xx_tim.o
 .text.TIM_SetClockDivision
                0x00000000       0x38 ..\obj\stm32f4xx_tim.o
 .text.TIM_Cmd  0x00000000       0x40 ..\obj\stm32f4xx_tim.o
 .text.TIM_OC1Init
                0x00000000       0xf4 ..\obj\stm32f4xx_tim.o
 .text.TIM_OC2Init
                0x00000000      0x110 ..\obj\stm32f4xx_tim.o
 .text.TIM_OC3Init
                0x00000000      0x10c ..\obj\stm32f4xx_tim.o
 .text.TIM_OC4Init
                0x00000000       0xcc ..\obj\stm32f4xx_tim.o
 .text.TIM_OCStructInit
                0x00000000       0x44 ..\obj\stm32f4xx_tim.o
 .text.TIM_SelectOCxM
                0x00000000       0xac ..\obj\stm32f4xx_tim.o
 .text.TIM_SetCompare1
                0x00000000       0x1c ..\obj\stm32f4xx_tim.o
 .text.TIM_SetCompare2
                0x00000000       0x1c ..\obj\stm32f4xx_tim.o
 .text.TIM_SetCompare3
                0x00000000       0x1c ..\obj\stm32f4xx_tim.o
 .text.TIM_SetCompare4
                0x00000000       0x1c ..\obj\stm32f4xx_tim.o
 .text.TIM_ForcedOC1Config
                0x00000000       0x38 ..\obj\stm32f4xx_tim.o
 .text.TIM_ForcedOC2Config
                0x00000000       0x3c ..\obj\stm32f4xx_tim.o
 .text.TIM_ForcedOC3Config
                0x00000000       0x38 ..\obj\stm32f4xx_tim.o
 .text.TIM_ForcedOC4Config
                0x00000000       0x3c ..\obj\stm32f4xx_tim.o
 .text.TIM_OC1PreloadConfig
                0x00000000       0x38 ..\obj\stm32f4xx_tim.o
 .text.TIM_OC2PreloadConfig
                0x00000000       0x3c ..\obj\stm32f4xx_tim.o
 .text.TIM_OC3PreloadConfig
                0x00000000       0x38 ..\obj\stm32f4xx_tim.o
 .text.TIM_OC4PreloadConfig
                0x00000000       0x3c ..\obj\stm32f4xx_tim.o
 .text.TIM_OC1FastConfig
                0x00000000       0x38 ..\obj\stm32f4xx_tim.o
 .text.TIM_OC2FastConfig
                0x00000000       0x3c ..\obj\stm32f4xx_tim.o
 .text.TIM_OC3FastConfig
                0x00000000       0x38 ..\obj\stm32f4xx_tim.o
 .text.TIM_OC4FastConfig
                0x00000000       0x3c ..\obj\stm32f4xx_tim.o
 .text.TIM_ClearOC1Ref
                0x00000000       0x38 ..\obj\stm32f4xx_tim.o
 .text.TIM_ClearOC2Ref
                0x00000000       0x3c ..\obj\stm32f4xx_tim.o
 .text.TIM_ClearOC3Ref
                0x00000000       0x38 ..\obj\stm32f4xx_tim.o
 .text.TIM_ClearOC4Ref
                0x00000000       0x3c ..\obj\stm32f4xx_tim.o
 .text.TIM_OC1PolarityConfig
                0x00000000       0x38 ..\obj\stm32f4xx_tim.o
 .text.TIM_OC1NPolarityConfig
                0x00000000       0x38 ..\obj\stm32f4xx_tim.o
 .text.TIM_OC2PolarityConfig
                0x00000000       0x3c ..\obj\stm32f4xx_tim.o
 .text.TIM_OC2NPolarityConfig
                0x00000000       0x3c ..\obj\stm32f4xx_tim.o
 .text.TIM_OC3PolarityConfig
                0x00000000       0x3c ..\obj\stm32f4xx_tim.o
 .text.TIM_OC3NPolarityConfig
                0x00000000       0x3c ..\obj\stm32f4xx_tim.o
 .text.TIM_OC4PolarityConfig
                0x00000000       0x3c ..\obj\stm32f4xx_tim.o
 .text.TIM_CCxCmd
                0x00000000       0x54 ..\obj\stm32f4xx_tim.o
 .text.TIM_CCxNCmd
                0x00000000       0x54 ..\obj\stm32f4xx_tim.o
 .text.TIM_ICInit
                0x00000000       0xa8 ..\obj\stm32f4xx_tim.o
 .text.TIM_ICStructInit
                0x00000000       0x30 ..\obj\stm32f4xx_tim.o
 .text.TIM_PWMIConfig
                0x00000000       0xb8 ..\obj\stm32f4xx_tim.o
 .text.TIM_GetCapture1
                0x00000000       0x18 ..\obj\stm32f4xx_tim.o
 .text.TIM_GetCapture2
                0x00000000       0x18 ..\obj\stm32f4xx_tim.o
 .text.TIM_GetCapture3
                0x00000000       0x18 ..\obj\stm32f4xx_tim.o
 .text.TIM_GetCapture4
                0x00000000       0x18 ..\obj\stm32f4xx_tim.o
 .text.TIM_SetIC1Prescaler
                0x00000000       0x38 ..\obj\stm32f4xx_tim.o
 .text.TIM_SetIC2Prescaler
                0x00000000       0x3c ..\obj\stm32f4xx_tim.o
 .text.TIM_SetIC3Prescaler
                0x00000000       0x38 ..\obj\stm32f4xx_tim.o
 .text.TIM_SetIC4Prescaler
                0x00000000       0x3c ..\obj\stm32f4xx_tim.o
 .text.TIM_BDTRConfig
                0x00000000       0x50 ..\obj\stm32f4xx_tim.o
 .text.TIM_BDTRStructInit
                0x00000000       0x3c ..\obj\stm32f4xx_tim.o
 .text.TIM_CtrlPWMOutputs
                0x00000000       0x4c ..\obj\stm32f4xx_tim.o
 .text.TIM_SelectCOM
                0x00000000       0x40 ..\obj\stm32f4xx_tim.o
 .text.TIM_CCPreloadControl
                0x00000000       0x40 ..\obj\stm32f4xx_tim.o
 .text.TIM_ITConfig
                0x00000000       0x48 ..\obj\stm32f4xx_tim.o
 .text.TIM_GenerateEvent
                0x00000000       0x1c ..\obj\stm32f4xx_tim.o
 .text.TIM_GetFlagStatus
                0x00000000       0x38 ..\obj\stm32f4xx_tim.o
 .text.TIM_ClearFlag
                0x00000000       0x20 ..\obj\stm32f4xx_tim.o
 .text.TIM_GetITStatus
                0x00000000       0x54 ..\obj\stm32f4xx_tim.o
 .text.TIM_ClearITPendingBit
                0x00000000       0x20 ..\obj\stm32f4xx_tim.o
 .text.TIM_DMAConfig
                0x00000000       0x28 ..\obj\stm32f4xx_tim.o
 .text.TIM_DMACmd
                0x00000000       0x48 ..\obj\stm32f4xx_tim.o
 .text.TIM_SelectCCDMA
                0x00000000       0x40 ..\obj\stm32f4xx_tim.o
 .text.TIM_InternalClockConfig
                0x00000000       0x24 ..\obj\stm32f4xx_tim.o
 .text.TIM_ITRxExternalClockConfig
                0x00000000       0x2c ..\obj\stm32f4xx_tim.o
 .text.TIM_TIxExternalClockConfig
                0x00000000       0x54 ..\obj\stm32f4xx_tim.o
 .text.TIM_ETRClockMode1Config
                0x00000000       0x50 ..\obj\stm32f4xx_tim.o
 .text.TIM_ETRClockMode2Config
                0x00000000       0x30 ..\obj\stm32f4xx_tim.o
 .text.TIM_SelectInputTrigger
                0x00000000       0x38 ..\obj\stm32f4xx_tim.o
 .text.TIM_SelectOutputTrigger
                0x00000000       0x38 ..\obj\stm32f4xx_tim.o
 .text.TIM_SelectSlaveMode
                0x00000000       0x38 ..\obj\stm32f4xx_tim.o
 .text.TIM_SelectMasterSlaveMode
                0x00000000       0x38 ..\obj\stm32f4xx_tim.o
 .text.TIM_ETRConfig
                0x00000000       0x48 ..\obj\stm32f4xx_tim.o
 .text.TIM_EncoderInterfaceConfig
                0x00000000       0x8c ..\obj\stm32f4xx_tim.o
 .text.TIM_SelectHallSensor
                0x00000000       0x40 ..\obj\stm32f4xx_tim.o
 .text.TIM_RemapConfig
                0x00000000       0x20 ..\obj\stm32f4xx_tim.o
 .text.TI1_Config
                0x00000000       0x78 ..\obj\stm32f4xx_tim.o
 .text.TI2_Config
                0x00000000       0x8c ..\obj\stm32f4xx_tim.o
 .text.TI3_Config
                0x00000000       0x84 ..\obj\stm32f4xx_tim.o
 .text.TI4_Config
                0x00000000       0x90 ..\obj\stm32f4xx_tim.o
 .debug_info    0x00000000     0x1c61 ..\obj\stm32f4xx_tim.o
 .debug_abbrev  0x00000000      0x187 ..\obj\stm32f4xx_tim.o
 .debug_aranges
                0x00000000      0x2f8 ..\obj\stm32f4xx_tim.o
 .debug_ranges  0x00000000      0x2e8 ..\obj\stm32f4xx_tim.o
 .debug_line    0x00000000      0xae0 ..\obj\stm32f4xx_tim.o
 .debug_str     0x00000000      0xdeb ..\obj\stm32f4xx_tim.o
 .comment       0x00000000       0x71 ..\obj\stm32f4xx_tim.o
 .ARM.attributes
                0x00000000       0x33 ..\obj\stm32f4xx_tim.o
 .debug_frame   0x00000000      0xa3c ..\obj\stm32f4xx_tim.o
 .data          0x00000000        0x0 c:/program files (x86)/gnu tools arm embedded/4.8 2014q1/bin/../lib/gcc/arm-none-eabi/4.8.3/armv7e-m\libgcc.a(_arm_addsubdf3.o)
 .bss           0x00000000        0x0 c:/program files (x86)/gnu tools arm embedded/4.8 2014q1/bin/../lib/gcc/arm-none-eabi/4.8.3/armv7e-m\libgcc.a(_arm_addsubdf3.o)
 .data          0x00000000        0x0 c:/program files (x86)/gnu tools arm embedded/4.8 2014q1/bin/../lib/gcc/arm-none-eabi/4.8.3/armv7e-m\libgcc.a(_arm_muldivdf3.o)
 .bss           0x00000000        0x0 c:/program files (x86)/gnu tools arm embedded/4.8 2014q1/bin/../lib/gcc/arm-none-eabi/4.8.3/armv7e-m\libgcc.a(_arm_muldivdf3.o)

Memory Configuration

Name             Origin             Length             Attributes
rom              0x08000000         0x00100000         xr
ram              0x20000000         0x00020000         xrw
ram1             0x10000000         0x00010000         xrw
*default*        0x00000000         0xffffffff

Linker script and memory map

                0x20020000                _eram = 0x20020000

.text           0x08000000     0x5e4c
 *(.isr_vector)
 .isr_vector    0x08000000      0x188 ..\obj\startup_stm32f4xx.o
                0x08000000                g_pfnVectors
 *(.text*)
 .text.Accelerometer_Init
                0x08000188      0x190 ..\obj\accelerometers.o
                0x08000188                Accelerometer_Init
 .text.SPI_init
                0x08000318      0x12c ..\obj\accelerometers.o
                0x08000318                SPI_init
 .text.I2C1_init
                0x08000444       0x90 ..\obj\accelerometers.o
                0x08000444                I2C1_init
 .text.I2C_start
                0x080004d4       0x88 ..\obj\accelerometers.o
                0x080004d4                I2C_start
 .text.I2C_write
                0x0800055c       0x30 ..\obj\accelerometers.o
                0x0800055c                I2C_write
 .text.I2C_read_ack
                0x0800058c       0x3c ..\obj\accelerometers.o
                0x0800058c                I2C_read_ack
 .text.I2C_read_nack
                0x080005c8       0x3c ..\obj\accelerometers.o
                0x080005c8                I2C_read_nack
 .text.I2C_stop
                0x08000604       0x2c ..\obj\accelerometers.o
                0x08000604                I2C_stop
 .text.i2c_read_registry
                0x08000630       0x50 ..\obj\accelerometers.o
                0x08000630                i2c_read_registry
 .text.SPI_Write
                0x08000680       0x60 ..\obj\accelerometers.o
                0x08000680                SPI_Write
 .text.SPI_SendByte
                0x080006e0       0x90 ..\obj\accelerometers.o
 .text.SPI_Read
                0x08000770       0x6c ..\obj\accelerometers.o
                0x08000770                SPI_Read
 .text.SPI_TIMEOUT_UserCallback
                0x080007dc        0x8 ..\obj\accelerometers.o
                0x080007dc                SPI_TIMEOUT_UserCallback
 .text.Accelerometer_readAxes
                0x080007e4      0x1e0 ..\obj\accelerometers.o
                0x080007e4                Accelerometer_readAxes
 .text.Accelerometer_readAxesGforce
                0x080009c4      0x11c ..\obj\accelerometers.o
                0x080009c4                Accelerometer_readAxesGforce
 .text.USB_OTG_EnableCommonInt
                0x08000ae0       0x44 ..\obj\usb_core.o
 .text.USB_OTG_CoreReset
                0x08000b24       0x8c ..\obj\usb_core.o
 .text.USB_OTG_WritePacket
                0x08000bb0       0x70 ..\obj\usb_core.o
                0x08000bb0                USB_OTG_WritePacket
 .text.USB_OTG_ReadPacket
                0x08000c20       0x58 ..\obj\usb_core.o
                0x08000c20                USB_OTG_ReadPacket
 .text.USB_OTG_SelectCore
                0x08000c78      0x174 ..\obj\usb_core.o
                0x08000c78                USB_OTG_SelectCore
 .text.USB_OTG_CoreInit
                0x08000dec      0x1dc ..\obj\usb_core.o
                0x08000dec                USB_OTG_CoreInit
 .text.USB_OTG_EnableGlobalInt
                0x08000fc8       0x38 ..\obj\usb_core.o
                0x08000fc8                USB_OTG_EnableGlobalInt
 .text.USB_OTG_DisableGlobalInt
                0x08001000       0x38 ..\obj\usb_core.o
                0x08001000                USB_OTG_DisableGlobalInt
 .text.USB_OTG_FlushTxFifo
                0x08001038       0x74 ..\obj\usb_core.o
                0x08001038                USB_OTG_FlushTxFifo
 .text.USB_OTG_FlushRxFifo
                0x080010ac       0x60 ..\obj\usb_core.o
                0x080010ac                USB_OTG_FlushRxFifo
 .text.USB_OTG_SetCurrentMode
                0x0800110c       0x60 ..\obj\usb_core.o
                0x0800110c                USB_OTG_SetCurrentMode
 .text.USB_OTG_GetMode
                0x0800116c       0x20 ..\obj\usb_core.o
                0x0800116c                USB_OTG_GetMode
 .text.USB_OTG_IsDeviceMode
                0x0800118c       0x24 ..\obj\usb_core.o
                0x0800118c                USB_OTG_IsDeviceMode
 .text.USB_OTG_ReadCoreItr
                0x080011b0       0x30 ..\obj\usb_core.o
                0x080011b0                USB_OTG_ReadCoreItr
 .text.USB_OTG_InitDevSpeed
                0x080011e0       0x38 ..\obj\usb_core.o
                0x080011e0                USB_OTG_InitDevSpeed
 .text.USB_OTG_CoreInitDev
                0x08001218      0x27c ..\obj\usb_core.o
                0x08001218                USB_OTG_CoreInitDev
 .text.USB_OTG_EnableDevInt
                0x08001494       0x98 ..\obj\usb_core.o
                0x08001494                USB_OTG_EnableDevInt
 .text.USB_OTG_GetDeviceSpeed
                0x0800152c       0x48 ..\obj\usb_core.o
                0x0800152c                USB_OTG_GetDeviceSpeed
 .text.USB_OTG_EP0Activate
                0x08001574       0x78 ..\obj\usb_core.o
                0x08001574                USB_OTG_EP0Activate
 .text.USB_OTG_EPActivate
                0x080015ec       0xdc ..\obj\usb_core.o
                0x080015ec                USB_OTG_EPActivate
 .text.USB_OTG_EPDeactivate
                0x080016c8       0x8c ..\obj\usb_core.o
                0x080016c8                USB_OTG_EPDeactivate
 .text.USB_OTG_EPStartXfer
                0x08001754      0x280 ..\obj\usb_core.o
                0x08001754                USB_OTG_EPStartXfer
 .text.USB_OTG_EP0StartXfer
                0x080019d4      0x1d4 ..\obj\usb_core.o
                0x080019d4                USB_OTG_EP0StartXfer
 .text.USB_OTG_EPSetStall
                0x08001ba8       0x88 ..\obj\usb_core.o
                0x08001ba8                USB_OTG_EPSetStall
 .text.USB_OTG_EPClearStall
                0x08001c30       0x78 ..\obj\usb_core.o
                0x08001c30                USB_OTG_EPClearStall
 .text.USB_OTG_ReadDevAllOutEp_itr
                0x08001ca8       0x2c ..\obj\usb_core.o
                0x08001ca8                USB_OTG_ReadDevAllOutEp_itr
 .text.USB_OTG_ReadDevOutEP_itr
                0x08001cd4       0x38 ..\obj\usb_core.o
                0x08001cd4                USB_OTG_ReadDevOutEP_itr
 .text.USB_OTG_ReadDevAllInEPItr
                0x08001d0c       0x2c ..\obj\usb_core.o
                0x08001d0c                USB_OTG_ReadDevAllInEPItr
 .text.USB_OTG_EP0_OutStart
                0x08001d38       0x70 ..\obj\usb_core.o
                0x08001d38                USB_OTG_EP0_OutStart
 .text.USB_OTG_UngateClock
                0x08001da8       0x54 ..\obj\usb_core.o
                0x08001da8                USB_OTG_UngateClock
 .text.USBD_USR_Init
                0x08001dfc        0xc ..\obj\usbd_usr.o
                0x08001dfc                USBD_USR_Init
 .text.USBD_USR_DeviceReset
                0x08001e08       0x28 ..\obj\usbd_usr.o
                0x08001e08                USBD_USR_DeviceReset
 .text.USBD_USR_DeviceConfigured
                0x08001e30        0xc ..\obj\usbd_usr.o
                0x08001e30                USBD_USR_DeviceConfigured
 .text.USBD_USR_DeviceConnected
                0x08001e3c        0xc ..\obj\usbd_usr.o
                0x08001e3c                USBD_USR_DeviceConnected
 .text.USBD_USR_DeviceDisconnected
                0x08001e48        0xc ..\obj\usbd_usr.o
                0x08001e48                USBD_USR_DeviceDisconnected
 .text.USBD_USR_DeviceSuspended
                0x08001e54        0xc ..\obj\usbd_usr.o
                0x08001e54                USBD_USR_DeviceSuspended
 .text.USBD_USR_DeviceResumed
                0x08001e60        0xc ..\obj\usbd_usr.o
                0x08001e60                USBD_USR_DeviceResumed
 .text.Default_Reset_Handler
                0x08001e6c       0x5c ..\obj\startup_stm32f4xx.o
                0x08001e6c                Default_Reset_Handler
                0x08001e6c                Reset_Handler
 .text.Default_Handler
                0x08001ec8        0x8 ..\obj\startup_stm32f4xx.o
                0x08001ec8                RTC_Alarm_IRQHandler
                0x08001ec8                HASH_RNG_IRQHandler
                0x08001ec8                EXTI2_IRQHandler
                0x08001ec8                TIM8_CC_IRQHandler
                0x08001ec8                TIM1_CC_IRQHandler
                0x08001ec8                DMA2_Stream5_IRQHandler
                0x08001ec8                DMA1_Stream5_IRQHandler
                0x08001ec8                PVD_IRQHandler
                0x08001ec8                SDIO_IRQHandler
                0x08001ec8                TAMP_STAMP_IRQHandler
                0x08001ec8                CAN2_RX1_IRQHandler
                0x08001ec8                EXTI3_IRQHandler
                0x08001ec8                TIM8_TRG_COM_TIM14_IRQHandler
                0x08001ec8                TIM1_UP_TIM10_IRQHandler
                0x08001ec8                TIM8_UP_TIM13_IRQHandler
                0x08001ec8                I2C3_ER_IRQHandler
                0x08001ec8                EXTI0_IRQHandler
                0x08001ec8                I2C2_EV_IRQHandler
                0x08001ec8                DMA1_Stream2_IRQHandler
                0x08001ec8                CAN1_RX0_IRQHandler
                0x08001ec8                FPU_IRQHandler
                0x08001ec8                OTG_HS_WKUP_IRQHandler
                0x08001ec8                CAN2_SCE_IRQHandler
                0x08001ec8                DMA2_Stream2_IRQHandler
                0x08001ec8                SPI1_IRQHandler
                0x08001ec8                TIM6_DAC_IRQHandler
                0x08001ec8                TIM1_BRK_TIM9_IRQHandler
                0x08001ec8                DCMI_IRQHandler
                0x08001ec8                CAN2_RX0_IRQHandler
                0x08001ec8                DMA2_Stream3_IRQHandler
                0x08001ec8                USART6_IRQHandler
                0x08001ec8                USART3_IRQHandler
                0x08001ec8                CRYP_IRQHandler
                0x08001ec8                CAN1_RX1_IRQHandler
                0x08001ec8                UART5_IRQHandler
                0x08001ec8                DMA2_Stream0_IRQHandler
                0x08001ec8                TIM4_IRQHandler
                0x08001ec8                I2C1_EV_IRQHandler
                0x08001ec8                DMA1_Stream6_IRQHandler
                0x08001ec8                DMA1_Stream1_IRQHandler
                0x08001ec8                UART4_IRQHandler
                0x08001ec8                TIM3_IRQHandler
                0x08001ec8                RCC_IRQHandler
                0x08001ec8                TIM8_BRK_TIM12_IRQHandler
                0x08001ec8                EXTI15_10_IRQHandler
                0x08001ec8                ADC_IRQHandler
                0x08001ec8                DMA1_Stream7_IRQHandler
                0x08001ec8                TIM7_IRQHandler
                0x08001ec8                CAN2_TX_IRQHandler
                0x08001ec8                TIM5_IRQHandler
                0x08001ec8                DMA2_Stream7_IRQHandler
                0x08001ec8                I2C3_EV_IRQHandler
                0x08001ec8                EXTI9_5_IRQHandler
                0x08001ec8                RTC_WKUP_IRQHandler
                0x08001ec8                ETH_WKUP_IRQHandler
                0x08001ec8                SPI2_IRQHandler
                0x08001ec8                OTG_HS_EP1_IN_IRQHandler
                0x08001ec8                DMA1_Stream0_IRQHandler
                0x08001ec8                CAN1_TX_IRQHandler
                0x08001ec8                EXTI4_IRQHandler
                0x08001ec8                FSMC_IRQHandler
                0x08001ec8                ETH_IRQHandler
                0x08001ec8                OTG_HS_EP1_OUT_IRQHandler
                0x08001ec8                WWDG_IRQHandler
                0x08001ec8                TIM2_IRQHandler
                0x08001ec8                TIM1_TRG_COM_TIM11_IRQHandler
                0x08001ec8                OTG_HS_IRQHandler
                0x08001ec8                EXTI1_IRQHandler
                0x08001ec8                USART2_IRQHandler
                0x08001ec8                I2C2_ER_IRQHandler
                0x08001ec8                DMA2_Stream1_IRQHandler
                0x08001ec8                CAN1_SCE_IRQHandler
                0x08001ec8                FLASH_IRQHandler
                0x08001ec8                DMA2_Stream4_IRQHandler
                0x08001ec8                USART1_IRQHandler
                0x08001ec8                SPI3_IRQHandler
                0x08001ec8                DMA1_Stream4_IRQHandler
                0x08001ec8                I2C1_ER_IRQHandler
                0x08001ec8                DMA2_Stream6_IRQHandler
                0x08001ec8                DMA1_Stream3_IRQHandler
 .text.USBD_Init
                0x08001ed0       0x54 ..\obj\usbd_core.o
                0x08001ed0                USBD_Init
 .text.USBD_DeInit
                0x08001f24       0x18 ..\obj\usbd_core.o
                0x08001f24                USBD_DeInit
 .text.USBD_SetupStage
                0x08001f3c       0x6c ..\obj\usbd_core.o
 .text.USBD_DataOutStage
                0x08001fa8       0xd0 ..\obj\usbd_core.o
 .text.USBD_DataInStage
                0x08002078      0x104 ..\obj\usbd_core.o
 .text.USBD_Reset
                0x0800217c       0x44 ..\obj\usbd_core.o
 .text.USBD_Resume
                0x080021c0       0x24 ..\obj\usbd_core.o
 .text.USBD_Suspend
                0x080021e4       0x24 ..\obj\usbd_core.o
 .text.USBD_SOF
                0x08002208       0x2c ..\obj\usbd_core.o
 .text.USBD_SetCfg
                0x08002234       0x30 ..\obj\usbd_core.o
                0x08002234                USBD_SetCfg
 .text.USBD_ClrCfg
                0x08002264       0x28 ..\obj\usbd_core.o
                0x08002264                USBD_ClrCfg
 .text.USBD_IsoINIncomplete
                0x0800228c       0x20 ..\obj\usbd_core.o
 .text.USBD_IsoOUTIncomplete
                0x080022ac       0x20 ..\obj\usbd_core.o
 .text.NVIC_SetPriority
                0x080022cc       0x54 ..\obj\main.o
 .text.SysTick_Config
                0x08002320       0x44 ..\obj\main.o
 .text.main     0x08002364      0x10c ..\obj\main.o
                0x08002364                main
 .text.init     0x08002470       0x80 ..\obj\main.o
                0x08002470                init
 .text.ColorfulRingOfDeath
                0x080024f0       0x4c ..\obj\main.o
                0x080024f0                ColorfulRingOfDeath
 .text.SysTick_Handler
                0x0800253c       0x30 ..\obj\main.o
                0x0800253c                SysTick_Handler
 .text.NMI_Handler
                0x0800256c        0xc ..\obj\main.o
                0x0800256c                NMI_Handler
 .text.HardFault_Handler
                0x08002578        0xc ..\obj\main.o
                0x08002578                HardFault_Handler
 .text.MemManage_Handler
                0x08002584        0xc ..\obj\main.o
                0x08002584                MemManage_Handler
 .text.BusFault_Handler
                0x08002590        0xc ..\obj\main.o
                0x08002590                BusFault_Handler
 .text.UsageFault_Handler
                0x0800259c        0xc ..\obj\main.o
                0x0800259c                UsageFault_Handler
 .text.SVC_Handler
                0x080025a8        0xc ..\obj\main.o
                0x080025a8                SVC_Handler
 .text.DebugMon_Handler
                0x080025b4        0xc ..\obj\main.o
                0x080025b4                DebugMon_Handler
 .text.PendSV_Handler
                0x080025c0        0xc ..\obj\main.o
                0x080025c0                PendSV_Handler
 .text.OTG_FS_IRQHandler
                0x080025cc       0x10 ..\obj\main.o
                0x080025cc                OTG_FS_IRQHandler
 .text.OTG_FS_WKUP_IRQHandler
                0x080025dc       0x34 ..\obj\main.o
                0x080025dc                OTG_FS_WKUP_IRQHandler
 .text.RCC_GetClocksFreq
                0x08002610      0x154 ..\obj\stm32f4xx_rcc.o
                0x08002610                RCC_GetClocksFreq
 .text.RCC_AHB1PeriphClockCmd
                0x08002764       0x3c ..\obj\stm32f4xx_rcc.o
                0x08002764                RCC_AHB1PeriphClockCmd
 .text.RCC_AHB2PeriphClockCmd
                0x080027a0       0x3c ..\obj\stm32f4xx_rcc.o
                0x080027a0                RCC_AHB2PeriphClockCmd
 .text.RCC_APB1PeriphClockCmd
                0x080027dc       0x3c ..\obj\stm32f4xx_rcc.o
                0x080027dc                RCC_APB1PeriphClockCmd
 .text.RCC_APB2PeriphClockCmd
                0x08002818       0x3c ..\obj\stm32f4xx_rcc.o
                0x08002818                RCC_APB2PeriphClockCmd
 .text.RCC_APB1PeriphResetCmd
                0x08002854       0x3c ..\obj\stm32f4xx_rcc.o
                0x08002854                RCC_APB1PeriphResetCmd
 .text.RCC_APB2PeriphResetCmd
                0x08002890       0x3c ..\obj\stm32f4xx_rcc.o
                0x08002890                RCC_APB2PeriphResetCmd
 .text.USBD_USR_DeviceDescriptor
                0x080028cc       0x24 ..\obj\usbd_desc.o
                0x080028cc                USBD_USR_DeviceDescriptor
 .text.USBD_USR_LangIDStrDescriptor
                0x080028f0       0x24 ..\obj\usbd_desc.o
                0x080028f0                USBD_USR_LangIDStrDescriptor
 .text.USBD_USR_ProductStrDescriptor
                0x08002914       0x40 ..\obj\usbd_desc.o
                0x08002914                USBD_USR_ProductStrDescriptor
 .text.USBD_USR_ManufacturerStrDescriptor
                0x08002954       0x28 ..\obj\usbd_desc.o
                0x08002954                USBD_USR_ManufacturerStrDescriptor
 .text.USBD_USR_SerialStrDescriptor
                0x0800297c       0x40 ..\obj\usbd_desc.o
                0x0800297c                USBD_USR_SerialStrDescriptor
 .text.USBD_USR_ConfigStrDescriptor
                0x080029bc       0x3c ..\obj\usbd_desc.o
                0x080029bc                USBD_USR_ConfigStrDescriptor
 .text.USBD_USR_InterfaceStrDescriptor
                0x080029f8       0x3c ..\obj\usbd_desc.o
                0x080029f8                USBD_USR_InterfaceStrDescriptor
 .text.GPIO_Init
                0x08002a34      0x11c ..\obj\stm32f4xx_gpio.o
                0x08002a34                GPIO_Init
 .text.GPIO_SetBits
                0x08002b50       0x1c ..\obj\stm32f4xx_gpio.o
                0x08002b50                GPIO_SetBits
 .text.GPIO_ResetBits
                0x08002b6c       0x1c ..\obj\stm32f4xx_gpio.o
                0x08002b6c                GPIO_ResetBits
 .text.GPIO_ToggleBits
                0x08002b88       0x24 ..\obj\stm32f4xx_gpio.o
                0x08002b88                GPIO_ToggleBits
 .text.GPIO_PinAFConfig
                0x08002bac       0x8c ..\obj\stm32f4xx_gpio.o
                0x08002bac                GPIO_PinAFConfig
 .text.VCP_Init
                0x08002c38       0x10 ..\obj\usbd_cdc_vcp.o
 .text.VCP_DeInit
                0x08002c48       0x10 ..\obj\usbd_cdc_vcp.o
 .text.VCP_Ctrl
                0x08002c58      0x110 ..\obj\usbd_cdc_vcp.o
 .text.VCP_send_buffer
                0x08002d68       0x1c ..\obj\usbd_cdc_vcp.o
                0x08002d68                VCP_send_buffer
 .text.VCP_DataTx
                0x08002d84       0x60 ..\obj\usbd_cdc_vcp.o
 .text.VCP_DataRx
                0x08002de4       0x70 ..\obj\usbd_cdc_vcp.o
 .text.VCP_get_char
                0x08002e54       0x58 ..\obj\usbd_cdc_vcp.o
                0x08002e54                VCP_get_char
 .text.SystemInit
                0x08002eac       0x58 ..\obj\system_stm32f4xx.o
                0x08002eac                SystemInit
 .text.SystemCoreClockUpdate
                0x08002f04       0xf8 ..\obj\system_stm32f4xx.o
                0x08002f04                SystemCoreClockUpdate
 .text.SetSysClock
                0x08002ffc       0xf4 ..\obj\system_stm32f4xx.o
 .text.USB_OTG_BSP_Init
                0x080030f0       0xb0 ..\obj\usb_bsp.o
                0x080030f0                USB_OTG_BSP_Init
 .text.USB_OTG_BSP_EnableInterrupt
                0x080031a0       0x30 ..\obj\usb_bsp.o
                0x080031a0                USB_OTG_BSP_EnableInterrupt
 .text.USB_OTG_BSP_uDelay
                0x080031d0       0x48 ..\obj\usb_bsp.o
                0x080031d0                USB_OTG_BSP_uDelay
 .text.USB_OTG_BSP_mDelay
                0x08003218       0x20 ..\obj\usb_bsp.o
                0x08003218                USB_OTG_BSP_mDelay
 .text.USBD_StdDevReq
                0x08003238       0xa0 ..\obj\usbd_req.o
                0x08003238                USBD_StdDevReq
 .text.USBD_StdItfReq
                0x080032d8       0x68 ..\obj\usbd_req.o
                0x080032d8                USBD_StdItfReq
 .text.USBD_StdEPReq
                0x08003340      0x1b0 ..\obj\usbd_req.o
                0x08003340                USBD_StdEPReq
 .text.USBD_GetDescriptor
                0x080034f0      0x1b8 ..\obj\usbd_req.o
 .text.USBD_SetAddress
                0x080036a8       0x7c ..\obj\usbd_req.o
 .text.USBD_SetConfig
                0x08003724       0xf4 ..\obj\usbd_req.o
 .text.USBD_GetConfig
                0x08003818       0x60 ..\obj\usbd_req.o
 .text.USBD_GetStatus
                0x08003878       0x50 ..\obj\usbd_req.o
 .text.USBD_SetFeature
                0x080038c8       0xcc ..\obj\usbd_req.o
 .text.USBD_ClrFeature
                0x08003994       0x50 ..\obj\usbd_req.o
 .text.USBD_ParseSetupRequest
                0x080039e4       0x8c ..\obj\usbd_req.o
                0x080039e4                USBD_ParseSetupRequest
 .text.USBD_CtlError
                0x08003a70       0x48 ..\obj\usbd_req.o
                0x08003a70                USBD_CtlError
 .text.USBD_GetString
                0x08003ab8       0x7c ..\obj\usbd_req.o
                0x08003ab8                USBD_GetString
 .text.USBD_GetLen
                0x08003b34       0x30 ..\obj\usbd_req.o
 .text.USBD_OTG_ISR_Handler
                0x08003b64      0x15c ..\obj\usb_dcd_int.o
                0x08003b64                USBD_OTG_ISR_Handler
 .text.DCD_HandleResume_ISR
                0x08003cc0       0x80 ..\obj\usb_dcd_int.o
 .text.DCD_HandleUSBSuspend_ISR
                0x08003d40       0x9c ..\obj\usb_dcd_int.o
 .text.DCD_HandleInEP_ISR
                0x08003ddc      0x1ec ..\obj\usb_dcd_int.o
 .text.DCD_HandleOutEP_ISR
                0x08003fc8      0x178 ..\obj\usb_dcd_int.o
 .text.DCD_HandleSof_ISR
                0x08004140       0x34 ..\obj\usb_dcd_int.o
 .text.DCD_HandleRxStatusQueueLevel_ISR
                0x08004174      0x104 ..\obj\usb_dcd_int.o
 .text.DCD_WriteEmptyTxFifo
                0x08004278       0xe4 ..\obj\usb_dcd_int.o
 .text.DCD_HandleUsbReset_ISR
                0x0800435c      0x144 ..\obj\usb_dcd_int.o
 .text.DCD_HandleEnumDone_ISR
                0x080044a0       0x78 ..\obj\usb_dcd_int.o
 .text.DCD_IsoINIncomplete_ISR
                0x08004518       0x34 ..\obj\usb_dcd_int.o
 .text.DCD_IsoOUTIncomplete_ISR
                0x0800454c       0x34 ..\obj\usb_dcd_int.o
 .text.DCD_ReadDevInEP
                0x08004580       0x50 ..\obj\usb_dcd_int.o
 .text.usbd_cdc_Init
                0x080045d0       0x88 ..\obj\usbd_cdc_core.o
 .text.usbd_cdc_DeInit
                0x08004658       0x38 ..\obj\usbd_cdc_core.o
 .text.usbd_cdc_Setup
                0x08004690      0x120 ..\obj\usbd_cdc_core.o
 .text.usbd_cdc_EP0_RxReady
                0x080047b0       0x44 ..\obj\usbd_cdc_core.o
 .text.usbd_cdc_DataIn
                0x080047f4       0xc0 ..\obj\usbd_cdc_core.o
 .text.usbd_cdc_DataOut
                0x080048b4       0x54 ..\obj\usbd_cdc_core.o
 .text.usbd_cdc_SOF
                0x08004908       0x30 ..\obj\usbd_cdc_core.o
 .text.Handle_USBAsynchXfer
                0x08004938      0x100 ..\obj\usbd_cdc_core.o
 .text.USBD_cdc_GetCfgDesc
                0x08004a38       0x24 ..\obj\usbd_cdc_core.o
 .text.SPI_I2S_DeInit
                0x08004a5c       0x74 ..\obj\stm32f4xx_spi.o
                0x08004a5c                SPI_I2S_DeInit
 .text.SPI_Init
                0x08004ad0       0x88 ..\obj\stm32f4xx_spi.o
                0x08004ad0                SPI_Init
 .text.SPI_Cmd  0x08004b58       0x40 ..\obj\stm32f4xx_spi.o
                0x08004b58                SPI_Cmd
 .text.SPI_I2S_ReceiveData
                0x08004b98       0x1c ..\obj\stm32f4xx_spi.o
                0x08004b98                SPI_I2S_ReceiveData
 .text.SPI_I2S_SendData
                0x08004bb4       0x1c ..\obj\stm32f4xx_spi.o
                0x08004bb4                SPI_I2S_SendData
 .text.SPI_I2S_GetFlagStatus
                0x08004bd0       0x38 ..\obj\stm32f4xx_spi.o
                0x08004bd0                SPI_I2S_GetFlagStatus
 .text.I2C_Init
                0x08004c08      0x184 ..\obj\stm32f4xx_i2c.o
                0x08004c08                I2C_Init
 .text.I2C_Cmd  0x08004d8c       0x40 ..\obj\stm32f4xx_i2c.o
                0x08004d8c                I2C_Cmd
 .text.I2C_GenerateSTART
                0x08004dcc       0x40 ..\obj\stm32f4xx_i2c.o
                0x08004dcc                I2C_GenerateSTART
 .text.I2C_GenerateSTOP
                0x08004e0c       0x40 ..\obj\stm32f4xx_i2c.o
                0x08004e0c                I2C_GenerateSTOP
 .text.I2C_Send7bitAddress
                0x08004e4c       0x3c ..\obj\stm32f4xx_i2c.o
                0x08004e4c                I2C_Send7bitAddress
 .text.I2C_AcknowledgeConfig
                0x08004e88       0x40 ..\obj\stm32f4xx_i2c.o
                0x08004e88                I2C_AcknowledgeConfig
 .text.I2C_SendData
                0x08004ec8       0x20 ..\obj\stm32f4xx_i2c.o
                0x08004ec8                I2C_SendData
 .text.I2C_ReceiveData
                0x08004ee8       0x1c ..\obj\stm32f4xx_i2c.o
                0x08004ee8                I2C_ReceiveData
 .text.I2C_CheckEvent
                0x08004f04       0x60 ..\obj\stm32f4xx_i2c.o
                0x08004f04                I2C_CheckEvent
 .text.I2C_GetFlagStatus
                0x08004f64       0x68 ..\obj\stm32f4xx_i2c.o
                0x08004f64                I2C_GetFlagStatus
 .text.EXTI_ClearITPendingBit
                0x08004fcc       0x1c ..\obj\stm32f4xx_exti.o
                0x08004fcc                EXTI_ClearITPendingBit
 .text.NVIC_PriorityGroupConfig
                0x08004fe8       0x24 ..\obj\misc.o
                0x08004fe8                NVIC_PriorityGroupConfig
 .text.NVIC_Init
                0x0800500c       0xbc ..\obj\misc.o
                0x0800500c                NVIC_Init
 .text.DCD_Init
                0x080050c8      0x100 ..\obj\usb_dcd.o
                0x080050c8                DCD_Init
 .text.DCD_EP_Open
                0x080051c8       0x9c ..\obj\usb_dcd.o
                0x080051c8                DCD_EP_Open
 .text.DCD_EP_Close
                0x08005264       0x70 ..\obj\usb_dcd.o
                0x08005264                DCD_EP_Close
 .text.DCD_EP_PrepareRx
                0x080052d4       0x80 ..\obj\usb_dcd.o
                0x080052d4                DCD_EP_PrepareRx
 .text.DCD_EP_Tx
                0x08005354       0x78 ..\obj\usb_dcd.o
                0x08005354                DCD_EP_Tx
 .text.DCD_EP_Stall
                0x080053cc       0x74 ..\obj\usb_dcd.o
                0x080053cc                DCD_EP_Stall
 .text.DCD_EP_ClrStall
                0x08005440       0x74 ..\obj\usb_dcd.o
                0x08005440                DCD_EP_ClrStall
 .text.DCD_EP_SetAddress
                0x080054b4       0x3c ..\obj\usb_dcd.o
                0x080054b4                DCD_EP_SetAddress
 .text.USBD_CtlSendData
                0x080054f0       0x40 ..\obj\usbd_ioreq.o
                0x080054f0                USBD_CtlSendData
 .text.USBD_CtlContinueSendData
                0x08005530       0x28 ..\obj\usbd_ioreq.o
                0x08005530                USBD_CtlContinueSendData
 .text.USBD_CtlPrepareRx
                0x08005558       0x40 ..\obj\usbd_ioreq.o
                0x08005558                USBD_CtlPrepareRx
 .text.USBD_CtlContinueRx
                0x08005598       0x28 ..\obj\usbd_ioreq.o
                0x08005598                USBD_CtlContinueRx
 .text.USBD_CtlSendStatus
                0x080055c0       0x30 ..\obj\usbd_ioreq.o
                0x080055c0                USBD_CtlSendStatus
 .text.USBD_CtlReceiveStatus
                0x080055f0       0x30 ..\obj\usbd_ioreq.o
                0x080055f0                USBD_CtlReceiveStatus
 .text          0x08005620      0x370 c:/program files (x86)/gnu tools arm embedded/4.8 2014q1/bin/../lib/gcc/arm-none-eabi/4.8.3/armv7e-m\libgcc.a(_arm_addsubdf3.o)
                0x08005620                __aeabi_drsub
                0x08005628                __aeabi_dsub
                0x08005628                __subdf3
                0x0800562c                __aeabi_dadd
                0x0800562c                __adddf3
                0x080058a4                __floatunsidf
                0x080058a4                __aeabi_ui2d
                0x080058c4                __floatsidf
                0x080058c4                __aeabi_i2d
                0x080058e8                __aeabi_f2d
                0x080058e8                __extendsfdf2
                0x08005924                __floatundidf
                0x08005924                __aeabi_ul2d
                0x08005934                __floatdidf
                0x08005934                __aeabi_l2d
 .text          0x08005990      0x424 c:/program files (x86)/gnu tools arm embedded/4.8 2014q1/bin/../lib/gcc/arm-none-eabi/4.8.3/armv7e-m\libgcc.a(_arm_muldivdf3.o)
                0x08005990                __aeabi_dmul
                0x08005990                __muldf3
                0x08005be4                __divdf3
                0x08005be4                __aeabi_ddiv
 *(.init)
 *(.fini)
 *crtbegin.o(.ctors)
 *crtbegin?.o(.ctors)
 *(EXCLUDE_FILE(*crtend.o *crtend?.o) .ctors)
 *(SORT(.ctors.*))
 *(.ctors)
 *crtbegin.o(.dtors)
 *crtbegin?.o(.dtors)
 *(EXCLUDE_FILE(*crtend.o *crtend?.o) .dtors)
 *(SORT(.dtors.*))
 *(.dtors)
 *(.rodata*)
 .rodata        0x08005db4       0x98 ..\obj\usbd_desc.o
 *(.eh_fram e*)

.glue_7         0x08005e4c        0x0
 .glue_7        0x00000000        0x0 linker stubs

.glue_7t        0x08005e4c        0x0
 .glue_7t       0x00000000        0x0 linker stubs

.vfp11_veneer   0x08005e4c        0x0
 .vfp11_veneer  0x00000000        0x0 linker stubs

.v4_bx          0x08005e4c        0x0
 .v4_bx         0x00000000        0x0 linker stubs

.iplt           0x08005e4c        0x0
 .iplt          0x00000000        0x0 ..\obj\accelerometers.o

.rel.dyn        0x08005e4c        0x0
 .rel.iplt      0x00000000        0x0 ..\obj\accelerometers.o

.ARM.extab
 *(.ARM.extab* .gnu.linkonce.armextab.*)
                0x08005e4c                __exidx_start = .

.ARM.exidx
 *(.ARM.exidx* .gnu.linkonce.armexidx.*)
                0x08005e4c                __exidx_end = .
                0x08005e4c                __etext = .
                0x08005e4c                _sidata = __etext

.data           0x20000000      0x144 load address 0x08005e4c
                0x20000000                __data_start__ = .
                0x20000000                _sdata = __data_start__
 *(vtable)
 *(.data*)
 .data          0x20000000        0x4 ..\obj\accelerometers.o
                0x20000000                SPITimeout
 .data          0x20000004       0x1c ..\obj\usbd_usr.o
                0x20000004                USR_cb
 .data          0x20000020       0x30 ..\obj\usbd_core.o
                0x20000020                USBD_DCD_INT_cb
                0x2000004c                USBD_DCD_INT_fops
 .data          0x20000050       0x10 ..\obj\stm32f4xx_rcc.o
 .data          0x20000060       0x40 ..\obj\usbd_desc.o
                0x20000060                USR_desc
                0x2000007c                USBD_DeviceDesc
                0x20000090                USBD_DeviceQualifierDesc
                0x2000009c                USBD_LangIDDesc
 .data          0x200000a0       0x1c ..\obj\usbd_cdc_vcp.o
                0x200000a0                linecoding
                0x200000a8                VCP_fops
 .data          0x200000bc       0x14 ..\obj\system_stm32f4xx.o
                0x200000bc                SystemCoreClock
                0x200000c0                AHBPrescTable
 .data          0x200000d0       0x74 ..\obj\usbd_cdc_core.o
                0x200000d0                usbd_cdc_CfgDesc
                0x20000118                USBD_CDC_cb
                0x20000144                . = ALIGN (0x4)
                0x20000144                PROVIDE (__preinit_array_start, .)
 *(.preinit_array)
                0x20000144                PROVIDE (__preinit_array_end, .)
                0x20000144                . = ALIGN (0x4)
                0x20000144                PROVIDE (__init_array_start, .)
 *(SORT(.init_array.*))
 *(.init_array)
                0x20000144                PROVIDE (__init_array_end, .)
                0x20000144                . = ALIGN (0x4)
                0x20000144                PROVIDE (__fini_array_start, .)
 *(SORT(.fini_array.*))
 *(.fini_array)
                0x20000144                PROVIDE (__fini_array_end, .)
 *(.jcr*)
                0x20000144                . = ALIGN (0x4)
                0x20000144                __data_end__ = .
                0x20000144                _edata = __data_end__

.igot.plt       0x20000144        0x0 load address 0x08005f90
 .igot.plt      0x00000000        0x0 ..\obj\accelerometers.o

.bss            0x20000144      0xf7c load address 0x08005f90
                0x20000144                . = ALIGN (0x4)
                0x20000144                __bss_start__ = .
                0x20000144                _sbss = __bss_start__
 *(.bss*)
 .bss           0x20000144       0x10 ..\obj\usbd_req.o
                0x20000144                USBD_ep_status
                0x20000148                USBD_default_cfg
                0x2000014c                USBD_cfg_status
 .bss           0x20000154       0x1c ..\obj\usbd_cdc_core.o
                0x20000158                APP_Rx_ptr_in
                0x2000015c                APP_Rx_ptr_out
                0x20000160                APP_Rx_length
                0x20000164                USB_Tx_State
 *(COMMON)
 COMMON         0x20000170      0x5f8 ..\obj\main.o
                0x20000170                ticker
                0x20000174                downTicker
                0x20000178                USB_OTG_dev
 COMMON         0x20000768       0x98 ..\obj\usbd_cdc_vcp.o
                0x20000768                APP_Tx_Buffer
                0x200007e8                APP_tx_ptr_tail
                0x200007ec                USART_InitStructure
                0x200007fc                APP_tx_ptr_head
 COMMON         0x20000800       0x32 ..\obj\usbd_req.o
                0x20000800                USBD_StrDesc
 *fill*         0x20000832        0x2 
 COMMON         0x20000834      0x88c ..\obj\usbd_cdc_core.o
                0x20000834                usbd_cdc_OtherCfgDesc
                0x20000878                USB_Rx_Buffer
                0x200008b8                CmdBuff
                0x200008c0                APP_Rx_Buffer
                0x200010c0                . = ALIGN (0x4)
                0x200010c0                __bss_end__ = .
                0x200010c0                _ebss = __bss_end__

.heap           0x200010c0        0x0
                0x200010c0                __end__ = .
                0x200010c0                _end = __end__
                0x200010c0                end = __end__
 *(.heap*)
                0x200010c0                __HeapLimit = .

.co_stack       0x200010c0      0x800 load address 0x08006f0c
                0x200010c0                . = ALIGN (0x8)
 *(.co_stack .co_stack.*)
 .co_stack      0x200010c0      0x800 ..\obj\startup_stm32f4xx.o
                0x200010c0                pulStack
                0x20020000                __StackTop = (ORIGIN (ram) + 0x20000)
                0x2001f800                __StackLimit = (__StackTop - SIZEOF (.co_stack))
                0x20020000                PROVIDE (__stack, __StackTop)
                0x00000001                ASSERT ((__StackLimit >= __HeapLimit), region ram  overflowed with stack)
LOAD ..\obj\accelerometers.o
LOAD ..\obj\usb_core.o
LOAD ..\obj\usbd_usr.o
LOAD ..\obj\stm32f4xx_usart.o
LOAD ..\obj\startup_stm32f4xx.o
LOAD ..\obj\usbd_core.o
LOAD ..\obj\main.o
LOAD ..\obj\stm32f4xx_rcc.o
LOAD ..\obj\usbd_desc.o
LOAD ..\obj\stm32f4xx_gpio.o
LOAD ..\obj\usbd_cdc_vcp.o
LOAD ..\obj\system_stm32f4xx.o
LOAD ..\obj\stm32f4xx_dma.o
LOAD ..\obj\usb_bsp.o
LOAD ..\obj\usbd_req.o
LOAD ..\obj\usb_dcd_int.o
LOAD ..\obj\usbd_cdc_core.o
LOAD ..\obj\stm32f4xx_spi.o
LOAD ..\obj\stm32f4xx_i2c.o
LOAD ..\obj\stm32f4xx_exti.o
LOAD ..\obj\misc.o
LOAD ..\obj\usb_dcd.o
LOAD ..\obj\usbd_ioreq.o
LOAD ..\obj\stm32f4xx_tim.o
START GROUP
LOAD c:/program files (x86)/gnu tools arm embedded/4.8 2014q1/bin/../lib/gcc/arm-none-eabi/4.8.3/armv7e-m\libgcc.a
LOAD c:/program files (x86)/gnu tools arm embedded/4.8 2014q1/bin/../lib/gcc/arm-none-eabi/4.8.3/../../../../arm-none-eabi/lib/armv7e-m\libg.a
LOAD c:/program files (x86)/gnu tools arm embedded/4.8 2014q1/bin/../lib/gcc/arm-none-eabi/4.8.3/../../../../arm-none-eabi/lib/armv7e-m\libc.a
END GROUP
OUTPUT(STM32F4_AccelerometersProject_Test.elf elf32-littlearm)

.debug_info     0x00000000     0xfd0c
 .debug_info    0x00000000      0xa7b ..\obj\accelerometers.o
 .debug_info    0x00000a7b     0x251b ..\obj\usb_core.o
 .debug_info    0x00002f96      0x1cb ..\obj\usbd_usr.o
 .debug_info    0x00003161       0xed ..\obj\startup_stm32f4xx.o
 .debug_info    0x0000324e      0xe95 ..\obj\usbd_core.o
 .debug_info    0x000040e3     0x148d ..\obj\main.o
 .debug_info    0x00005570      0xc4d ..\obj\stm32f4xx_rcc.o
 .debug_info    0x000061bd      0x363 ..\obj\usbd_desc.o
 .debug_info    0x00006520      0x602 ..\obj\stm32f4xx_gpio.o
 .debug_info    0x00006b22      0x505 ..\obj\usbd_cdc_vcp.o
 .debug_info    0x00007027      0x592 ..\obj\system_stm32f4xx.o
 .debug_info    0x000075b9     0x1004 ..\obj\usb_bsp.o
 .debug_info    0x000085bd      0xf9b ..\obj\usbd_req.o
 .debug_info    0x00009558     0x1d6d ..\obj\usb_dcd_int.o
 .debug_info    0x0000b2c5      0xef2 ..\obj\usbd_cdc_core.o
 .debug_info    0x0000c1b7      0xb07 ..\obj\stm32f4xx_spi.o
 .debug_info    0x0000ccbe      0xaf4 ..\obj\stm32f4xx_i2c.o
 .debug_info    0x0000d7b2      0x347 ..\obj\stm32f4xx_exti.o
 .debug_info    0x0000daf9      0x53d ..\obj\misc.o
 .debug_info    0x0000e036     0x101f ..\obj\usb_dcd.o
 .debug_info    0x0000f055      0xcb7 ..\obj\usbd_ioreq.o

.debug_abbrev   0x00000000     0x25e9
 .debug_abbrev  0x00000000      0x241 ..\obj\accelerometers.o
 .debug_abbrev  0x00000241      0x2e7 ..\obj\usb_core.o
 .debug_abbrev  0x00000528       0xdd ..\obj\usbd_usr.o
 .debug_abbrev  0x00000605       0xb0 ..\obj\startup_stm32f4xx.o
 .debug_abbrev  0x000006b5      0x21d ..\obj\usbd_core.o
 .debug_abbrev  0x000008d2      0x2ac ..\obj\main.o
 .debug_abbrev  0x00000b7e      0x1e3 ..\obj\stm32f4xx_rcc.o
 .debug_abbrev  0x00000d61      0x12c ..\obj\usbd_desc.o
 .debug_abbrev  0x00000e8d      0x1a3 ..\obj\stm32f4xx_gpio.o
 .debug_abbrev  0x00001030      0x198 ..\obj\usbd_cdc_vcp.o
 .debug_abbrev  0x000011c8      0x136 ..\obj\system_stm32f4xx.o
 .debug_abbrev  0x000012fe      0x22b ..\obj\usb_bsp.o
 .debug_abbrev  0x00001529      0x293 ..\obj\usbd_req.o
 .debug_abbrev  0x000017bc      0x25b ..\obj\usb_dcd_int.o
 .debug_abbrev  0x00001a17      0x215 ..\obj\usbd_cdc_core.o
 .debug_abbrev  0x00001c2c      0x167 ..\obj\stm32f4xx_spi.o
 .debug_abbrev  0x00001d93      0x164 ..\obj\stm32f4xx_i2c.o
 .debug_abbrev  0x00001ef7      0x1a5 ..\obj\stm32f4xx_exti.o
 .debug_abbrev  0x0000209c      0x145 ..\obj\misc.o
 .debug_abbrev  0x000021e1      0x259 ..\obj\usb_dcd.o
 .debug_abbrev  0x0000243a      0x1af ..\obj\usbd_ioreq.o

.debug_aranges  0x00000000      0xb70
 .debug_aranges
                0x00000000       0x98 ..\obj\accelerometers.o
 .debug_aranges
                0x00000098      0x138 ..\obj\usb_core.o
 .debug_aranges
                0x000001d0       0x50 ..\obj\usbd_usr.o
 .debug_aranges
                0x00000220       0x28 ..\obj\startup_stm32f4xx.o
 .debug_aranges
                0x00000248       0x80 ..\obj\usbd_core.o
 .debug_aranges
                0x000002c8       0x98 ..\obj\main.o
 .debug_aranges
                0x00000360      0x178 ..\obj\stm32f4xx_rcc.o
 .debug_aranges
                0x000004d8       0x50 ..\obj\usbd_desc.o
 .debug_aranges
                0x00000528       0x88 ..\obj\stm32f4xx_gpio.o
 .debug_aranges
                0x000005b0       0x78 ..\obj\usbd_cdc_vcp.o
 .debug_aranges
                0x00000628       0x30 ..\obj\system_stm32f4xx.o
 .debug_aranges
                0x00000658       0x48 ..\obj\usb_bsp.o
 .debug_aranges
                0x000006a0       0x88 ..\obj\usbd_req.o
 .debug_aranges
                0x00000728       0x80 ..\obj\usb_dcd_int.o
 .debug_aranges
                0x000007a8       0x60 ..\obj\usbd_cdc_core.o
 .debug_aranges
                0x00000808       0xe0 ..\obj\stm32f4xx_spi.o
 .debug_aranges
                0x000008e8      0x120 ..\obj\stm32f4xx_i2c.o
 .debug_aranges
                0x00000a08       0x58 ..\obj\stm32f4xx_exti.o
 .debug_aranges
                0x00000a60       0x40 ..\obj\misc.o
 .debug_aranges
                0x00000aa0       0x80 ..\obj\usb_dcd.o
 .debug_aranges
                0x00000b20       0x50 ..\obj\usbd_ioreq.o

.debug_ranges   0x00000000      0xa20
 .debug_ranges  0x00000000       0x88 ..\obj\accelerometers.o
 .debug_ranges  0x00000088      0x128 ..\obj\usb_core.o
 .debug_ranges  0x000001b0       0x40 ..\obj\usbd_usr.o
 .debug_ranges  0x000001f0       0x18 ..\obj\startup_stm32f4xx.o
 .debug_ranges  0x00000208       0x70 ..\obj\usbd_core.o
 .debug_ranges  0x00000278       0x88 ..\obj\main.o
 .debug_ranges  0x00000300      0x168 ..\obj\stm32f4xx_rcc.o
 .debug_ranges  0x00000468       0x40 ..\obj\usbd_desc.o
 .debug_ranges  0x000004a8       0x78 ..\obj\stm32f4xx_gpio.o
 .debug_ranges  0x00000520       0x68 ..\obj\usbd_cdc_vcp.o
 .debug_ranges  0x00000588       0x20 ..\obj\system_stm32f4xx.o
 .debug_ranges  0x000005a8       0x38 ..\obj\usb_bsp.o
 .debug_ranges  0x000005e0       0x78 ..\obj\usbd_req.o
 .debug_ranges  0x00000658       0x70 ..\obj\usb_dcd_int.o
 .debug_ranges  0x000006c8       0x50 ..\obj\usbd_cdc_core.o
 .debug_ranges  0x00000718       0xd0 ..\obj\stm32f4xx_spi.o
 .debug_ranges  0x000007e8      0x110 ..\obj\stm32f4xx_i2c.o
 .debug_ranges  0x000008f8       0x48 ..\obj\stm32f4xx_exti.o
 .debug_ranges  0x00000940       0x30 ..\obj\misc.o
 .debug_ranges  0x00000970       0x70 ..\obj\usb_dcd.o
 .debug_ranges  0x000009e0       0x40 ..\obj\usbd_ioreq.o

.debug_line     0x00000000     0x4ff8
 .debug_line    0x00000000      0x4f0 ..\obj\accelerometers.o
 .debug_line    0x000004f0      0x703 ..\obj\usb_core.o
 .debug_line    0x00000bf3      0x26a ..\obj\usbd_usr.o
 .debug_line    0x00000e5d       0xbc ..\obj\startup_stm32f4xx.o
 .debug_line    0x00000f19      0x394 ..\obj\usbd_core.o
 .debug_line    0x000012ad      0x5f1 ..\obj\main.o
 .debug_line    0x0000189e      0x615 ..\obj\stm32f4xx_rcc.o
 .debug_line    0x00001eb3      0x28e ..\obj\usbd_desc.o
 .debug_line    0x00002141      0x3ba ..\obj\stm32f4xx_gpio.o
 .debug_line    0x000024fb      0x3c3 ..\obj\usbd_cdc_vcp.o
 .debug_line    0x000028be      0x22c ..\obj\system_stm32f4xx.o
 .debug_line    0x00002aea      0x35b ..\obj\usb_bsp.o
 .debug_line    0x00002e45      0x444 ..\obj\usbd_req.o
 .debug_line    0x00003289      0x3e6 ..\obj\usb_dcd_int.o
 .debug_line    0x0000366f      0x370 ..\obj\usbd_cdc_core.o
 .debug_line    0x000039df      0x4cd ..\obj\stm32f4xx_spi.o
 .debug_line    0x00003eac      0x556 ..\obj\stm32f4xx_i2c.o
 .debug_line    0x00004402      0x320 ..\obj\stm32f4xx_exti.o
 .debug_line    0x00004722      0x2c0 ..\obj\misc.o
 .debug_line    0x000049e2      0x36e ..\obj\usb_dcd.o
 .debug_line    0x00004d50      0x2a8 ..\obj\usbd_ioreq.o

.debug_str      0x00000000     0x438d
 .debug_str     0x00000000      0x6fe ..\obj\accelerometers.o
                                0x78e (size before relaxing)
 .debug_str     0x000006fe     0x1234 ..\obj\usb_core.o
                               0x16a6 (size before relaxing)
 .debug_str     0x00001932      0x100 ..\obj\usbd_usr.o
                                0x2c6 (size before relaxing)
 .debug_str     0x00001a32       0xcb ..\obj\startup_stm32f4xx.o
                                0x162 (size before relaxing)
 .debug_str     0x00001afd      0x1a9 ..\obj\usbd_core.o
                                0xaec (size before relaxing)
 .debug_str     0x00001ca6      0x741 ..\obj\main.o
                               0x12d1 (size before relaxing)
 .debug_str     0x000023e7      0x67a ..\obj\stm32f4xx_rcc.o
                                0x86b (size before relaxing)
 .debug_str     0x00002a61      0x170 ..\obj\usbd_desc.o
                                0x39f (size before relaxing)
 .debug_str     0x00002bd1      0x1a9 ..\obj\stm32f4xx_gpio.o
                                0x4be (size before relaxing)
 .debug_str     0x00002d7a      0x263 ..\obj\usbd_cdc_vcp.o
                                0x3f3 (size before relaxing)
 .debug_str     0x00002fdd       0xcf ..\obj\system_stm32f4xx.o
                                0x3c5 (size before relaxing)
 .debug_str     0x000030ac      0x16a ..\obj\usb_bsp.o
                               0x10ed (size before relaxing)
 .debug_str     0x00003216      0x18f ..\obj\usbd_req.o
                                0xb17 (size before relaxing)
 .debug_str     0x000033a5      0x2a4 ..\obj\usb_dcd_int.o
                               0x12a4 (size before relaxing)
 .debug_str     0x00003649      0x1ac ..\obj\usbd_cdc_core.o
                                0xb34 (size before relaxing)
 .debug_str     0x000037f5      0x325 ..\obj\stm32f4xx_spi.o
                                0x6a5 (size before relaxing)
 .debug_str     0x00003b1a      0x34e ..\obj\stm32f4xx_i2c.o
                                0x680 (size before relaxing)
 .debug_str     0x00003e68      0x1e8 ..\obj\stm32f4xx_exti.o
                                0x374 (size before relaxing)
 .debug_str     0x00004050      0x12e ..\obj\misc.o
                                0x3e9 (size before relaxing)
 .debug_str     0x0000417e      0x12a ..\obj\usb_dcd.o
                                0xb46 (size before relaxing)
 .debug_str     0x000042a8       0xe5 ..\obj\usbd_ioreq.o
                                0x9d6 (size before relaxing)

.comment        0x00000000       0x70
 .comment       0x00000000       0x70 ..\obj\accelerometers.o
                                 0x71 (size before relaxing)
 .comment       0x00000000       0x71 ..\obj\usb_core.o
 .comment       0x00000000       0x71 ..\obj\usbd_usr.o
 .comment       0x00000000       0x71 ..\obj\startup_stm32f4xx.o
 .comment       0x00000000       0x71 ..\obj\usbd_core.o
 .comment       0x00000000       0x71 ..\obj\main.o
 .comment       0x00000000       0x71 ..\obj\stm32f4xx_rcc.o
 .comment       0x00000000       0x71 ..\obj\usbd_desc.o
 .comment       0x00000000       0x71 ..\obj\stm32f4xx_gpio.o
 .comment       0x00000000       0x71 ..\obj\usbd_cdc_vcp.o
 .comment       0x00000000       0x71 ..\obj\system_stm32f4xx.o
 .comment       0x00000000       0x71 ..\obj\usb_bsp.o
 .comment       0x00000000       0x71 ..\obj\usbd_req.o
 .comment       0x00000000       0x71 ..\obj\usb_dcd_int.o
 .comment       0x00000000       0x71 ..\obj\usbd_cdc_core.o
 .comment       0x00000000       0x71 ..\obj\stm32f4xx_spi.o
 .comment       0x00000000       0x71 ..\obj\stm32f4xx_i2c.o
 .comment       0x00000000       0x71 ..\obj\stm32f4xx_exti.o
 .comment       0x00000000       0x71 ..\obj\misc.o
 .comment       0x00000000       0x71 ..\obj\usb_dcd.o
 .comment       0x00000000       0x71 ..\obj\usbd_ioreq.o

.ARM.attributes
                0x00000000       0x33
 .ARM.attributes
                0x00000000       0x33 ..\obj\accelerometers.o
 .ARM.attributes
                0x00000033       0x33 ..\obj\usb_core.o
 .ARM.attributes
                0x00000066       0x33 ..\obj\usbd_usr.o
 .ARM.attributes
                0x00000099       0x33 ..\obj\startup_stm32f4xx.o
 .ARM.attributes
                0x000000cc       0x33 ..\obj\usbd_core.o
 .ARM.attributes
                0x000000ff       0x33 ..\obj\main.o
 .ARM.attributes
                0x00000132       0x33 ..\obj\stm32f4xx_rcc.o
 .ARM.attributes
                0x00000165       0x33 ..\obj\usbd_desc.o
 .ARM.attributes
                0x00000198       0x33 ..\obj\stm32f4xx_gpio.o
 .ARM.attributes
                0x000001cb       0x33 ..\obj\usbd_cdc_vcp.o
 .ARM.attributes
                0x000001fe       0x33 ..\obj\system_stm32f4xx.o
 .ARM.attributes
                0x00000231       0x33 ..\obj\usb_bsp.o
 .ARM.attributes
                0x00000264       0x33 ..\obj\usbd_req.o
 .ARM.attributes
                0x00000297       0x33 ..\obj\usb_dcd_int.o
 .ARM.attributes
                0x000002ca       0x33 ..\obj\usbd_cdc_core.o
 .ARM.attributes
                0x000002fd       0x33 ..\obj\stm32f4xx_spi.o
 .ARM.attributes
                0x00000330       0x33 ..\obj\stm32f4xx_i2c.o
 .ARM.attributes
                0x00000363       0x33 ..\obj\stm32f4xx_exti.o
 .ARM.attributes
                0x00000396       0x33 ..\obj\misc.o
 .ARM.attributes
                0x000003c9       0x33 ..\obj\usb_dcd.o
 .ARM.attributes
                0x000003fc       0x33 ..\obj\usbd_ioreq.o
 .ARM.attributes
                0x0000042f       0x1e c:/program files (x86)/gnu tools arm embedded/4.8 2014q1/bin/../lib/gcc/arm-none-eabi/4.8.3/armv7e-m\libgcc.a(_arm_addsubdf3.o)
 .ARM.attributes
                0x0000044d       0x1e c:/program files (x86)/gnu tools arm embedded/4.8 2014q1/bin/../lib/gcc/arm-none-eabi/4.8.3/armv7e-m\libgcc.a(_arm_muldivdf3.o)

.debug_frame    0x00000000     0x23e8
 .debug_frame   0x00000000      0x20c ..\obj\accelerometers.o
 .debug_frame   0x0000020c      0x434 ..\obj\usb_core.o
 .debug_frame   0x00000640       0xbc ..\obj\usbd_usr.o
 .debug_frame   0x000006fc       0x48 ..\obj\startup_stm32f4xx.o
 .debug_frame   0x00000744      0x1ac ..\obj\usbd_core.o
 .debug_frame   0x000008f0      0x1cc ..\obj\main.o
 .debug_frame   0x00000abc      0x4d8 ..\obj\stm32f4xx_rcc.o
 .debug_frame   0x00000f94       0xe8 ..\obj\usbd_desc.o
 .debug_frame   0x0000107c      0x19c ..\obj\stm32f4xx_gpio.o
 .debug_frame   0x00001218      0x164 ..\obj\usbd_cdc_vcp.o
 .debug_frame   0x0000137c       0x64 ..\obj\system_stm32f4xx.o
 .debug_frame   0x000013e0       0xc4 ..\obj\usb_bsp.o
 .debug_frame   0x000014a4      0x1c8 ..\obj\usbd_req.o
 .debug_frame   0x0000166c      0x1ac ..\obj\usb_dcd_int.o
 .debug_frame   0x00001818      0x12c ..\obj\usbd_cdc_core.o
 .debug_frame   0x00001944      0x2d0 ..\obj\stm32f4xx_spi.o
 .debug_frame   0x00001c14      0x3b4 ..\obj\stm32f4xx_i2c.o
 .debug_frame   0x00001fc8       0xec ..\obj\stm32f4xx_exti.o
 .debug_frame   0x000020b4       0x9c ..\obj\misc.o
 .debug_frame   0x00002150      0x1ac ..\obj\usb_dcd.o
 .debug_frame   0x000022fc       0xec ..\obj\usbd_ioreq.o
