
Allocating common symbols
Common symbol       size              file

x                   0x1               ..\obj\main.o
z                   0x1               ..\obj\main.o
y                   0x1               ..\obj\main.o

Discarded input sections

 .text          0x00000000        0x0 ..\obj\accelerometers.o
 .bss           0x00000000        0x0 ..\obj\accelerometers.o
 .text.Delay    0x00000000       0x20 ..\obj\accelerometers.o
 .text          0x00000000        0x0 ..\obj\i2c_adxl.o
 .data          0x00000000        0x0 ..\obj\i2c_adxl.o
 .bss           0x00000000        0x0 ..\obj\i2c_adxl.o
 .debug_line    0x00000000        0x0 ..\obj\i2c_adxl.o
 .debug_str     0x00000000        0x0 ..\obj\i2c_adxl.o
 .comment       0x00000000       0x71 ..\obj\i2c_adxl.o
 .ARM.attributes
                0x00000000       0x33 ..\obj\i2c_adxl.o
 .text          0x00000000        0x0 ..\obj\spi.o
 .data          0x00000000        0x0 ..\obj\spi.o
 .bss           0x00000000        0x0 ..\obj\spi.o
 .debug_line    0x00000000        0x0 ..\obj\spi.o
 .debug_str     0x00000000        0x0 ..\obj\spi.o
 .comment       0x00000000       0x71 ..\obj\spi.o
 .ARM.attributes
                0x00000000       0x33 ..\obj\spi.o
 .text          0x00000000        0x0 ..\obj\i2c.o
 .data          0x00000000        0x0 ..\obj\i2c.o
 .bss           0x00000000        0x0 ..\obj\i2c.o
 .debug_line    0x00000000        0x0 ..\obj\i2c.o
 .debug_str     0x00000000        0x0 ..\obj\i2c.o
 .comment       0x00000000       0x71 ..\obj\i2c.o
 .ARM.attributes
                0x00000000       0x33 ..\obj\i2c.o
 .text          0x00000000        0x0 ..\obj\spi_lis.o
 .data          0x00000000        0x0 ..\obj\spi_lis.o
 .bss           0x00000000        0x0 ..\obj\spi_lis.o
 .debug_line    0x00000000        0x0 ..\obj\spi_lis.o
 .debug_str     0x00000000        0x0 ..\obj\spi_lis.o
 .comment       0x00000000       0x71 ..\obj\spi_lis.o
 .ARM.attributes
                0x00000000       0x33 ..\obj\spi_lis.o
 .text          0x00000000        0x0 ..\obj\startup_stm32f4xx.o
 .data          0x00000000        0x0 ..\obj\startup_stm32f4xx.o
 .bss           0x00000000        0x0 ..\obj\startup_stm32f4xx.o
 .text          0x00000000        0x0 ..\obj\main.o
 .data          0x00000000        0x0 ..\obj\main.o
 .bss           0x00000000        0x0 ..\obj\main.o
 .text          0x00000000        0x0 ..\obj\stm32f4xx_rcc.o
 .bss           0x00000000        0x0 ..\obj\stm32f4xx_rcc.o
 .text.RCC_DeInit
                0x00000000       0x50 ..\obj\stm32f4xx_rcc.o
 .text.RCC_HSEConfig
                0x00000000       0x24 ..\obj\stm32f4xx_rcc.o
 .text.RCC_WaitForHSEStartUp
                0x00000000       0x50 ..\obj\stm32f4xx_rcc.o
 .text.RCC_AdjustHSICalibrationValue
                0x00000000       0x3c ..\obj\stm32f4xx_rcc.o
 .text.RCC_HSICmd
                0x00000000       0x20 ..\obj\stm32f4xx_rcc.o
 .text.RCC_LSEConfig
                0x00000000       0x40 ..\obj\stm32f4xx_rcc.o
 .text.RCC_LSICmd
                0x00000000       0x20 ..\obj\stm32f4xx_rcc.o
 .text.RCC_PLLConfig
                0x00000000       0x3c ..\obj\stm32f4xx_rcc.o
 .text.RCC_PLLCmd
                0x00000000       0x20 ..\obj\stm32f4xx_rcc.o
 .text.RCC_PLLI2SConfig
                0x00000000       0x28 ..\obj\stm32f4xx_rcc.o
 .text.RCC_PLLI2SCmd
                0x00000000       0x20 ..\obj\stm32f4xx_rcc.o
 .text.RCC_ClockSecuritySystemCmd
                0x00000000       0x20 ..\obj\stm32f4xx_rcc.o
 .text.RCC_MCO1Config
                0x00000000       0x3c ..\obj\stm32f4xx_rcc.o
 .text.RCC_MCO2Config
                0x00000000       0x3c ..\obj\stm32f4xx_rcc.o
 .text.RCC_SYSCLKConfig
                0x00000000       0x38 ..\obj\stm32f4xx_rcc.o
 .text.RCC_GetSYSCLKSource
                0x00000000       0x20 ..\obj\stm32f4xx_rcc.o
 .text.RCC_HCLKConfig
                0x00000000       0x38 ..\obj\stm32f4xx_rcc.o
 .text.RCC_PCLK1Config
                0x00000000       0x38 ..\obj\stm32f4xx_rcc.o
 .text.RCC_PCLK2Config
                0x00000000       0x38 ..\obj\stm32f4xx_rcc.o
 .text.RCC_RTCCLKConfig
                0x00000000       0x5c ..\obj\stm32f4xx_rcc.o
 .text.RCC_RTCCLKCmd
                0x00000000       0x20 ..\obj\stm32f4xx_rcc.o
 .text.RCC_BackupResetCmd
                0x00000000       0x20 ..\obj\stm32f4xx_rcc.o
 .text.RCC_I2SCLKConfig
                0x00000000       0x1c ..\obj\stm32f4xx_rcc.o
 .text.RCC_AHB2PeriphClockCmd
                0x00000000       0x3c ..\obj\stm32f4xx_rcc.o
 .text.RCC_AHB3PeriphClockCmd
                0x00000000       0x3c ..\obj\stm32f4xx_rcc.o
 .text.RCC_AHB1PeriphResetCmd
                0x00000000       0x3c ..\obj\stm32f4xx_rcc.o
 .text.RCC_AHB2PeriphResetCmd
                0x00000000       0x3c ..\obj\stm32f4xx_rcc.o
 .text.RCC_AHB3PeriphResetCmd
                0x00000000       0x3c ..\obj\stm32f4xx_rcc.o
 .text.RCC_AHB1PeriphClockLPModeCmd
                0x00000000       0x3c ..\obj\stm32f4xx_rcc.o
 .text.RCC_AHB2PeriphClockLPModeCmd
                0x00000000       0x3c ..\obj\stm32f4xx_rcc.o
 .text.RCC_AHB3PeriphClockLPModeCmd
                0x00000000       0x3c ..\obj\stm32f4xx_rcc.o
 .text.RCC_APB1PeriphClockLPModeCmd
                0x00000000       0x3c ..\obj\stm32f4xx_rcc.o
 .text.RCC_APB2PeriphClockLPModeCmd
                0x00000000       0x3c ..\obj\stm32f4xx_rcc.o
 .text.RCC_ITConfig
                0x00000000       0x48 ..\obj\stm32f4xx_rcc.o
 .text.RCC_GetFlagStatus
                0x00000000       0x74 ..\obj\stm32f4xx_rcc.o
 .text.RCC_ClearFlag
                0x00000000       0x1c ..\obj\stm32f4xx_rcc.o
 .text.RCC_GetITStatus
                0x00000000       0x38 ..\obj\stm32f4xx_rcc.o
 .text.RCC_ClearITPendingBit
                0x00000000       0x20 ..\obj\stm32f4xx_rcc.o
 .text          0x00000000        0x0 ..\obj\stm32f4xx_gpio.o
 .data          0x00000000        0x0 ..\obj\stm32f4xx_gpio.o
 .bss           0x00000000        0x0 ..\obj\stm32f4xx_gpio.o
 .text.GPIO_DeInit
                0x00000000      0x120 ..\obj\stm32f4xx_gpio.o
 .text.GPIO_StructInit
                0x00000000       0x34 ..\obj\stm32f4xx_gpio.o
 .text.GPIO_PinLockConfig
                0x00000000       0x44 ..\obj\stm32f4xx_gpio.o
 .text.GPIO_ReadInputDataBit
                0x00000000       0x34 ..\obj\stm32f4xx_gpio.o
 .text.GPIO_ReadInputData
                0x00000000       0x1c ..\obj\stm32f4xx_gpio.o
 .text.GPIO_ReadOutputDataBit
                0x00000000       0x34 ..\obj\stm32f4xx_gpio.o
 .text.GPIO_ReadOutputData
                0x00000000       0x1c ..\obj\stm32f4xx_gpio.o
 .text.GPIO_WriteBit
                0x00000000       0x30 ..\obj\stm32f4xx_gpio.o
 .text.GPIO_Write
                0x00000000       0x1c ..\obj\stm32f4xx_gpio.o
 .text.GPIO_ToggleBits
                0x00000000       0x24 ..\obj\stm32f4xx_gpio.o
 .text          0x00000000        0x0 ..\obj\system_stm32f4xx.o
 .bss           0x00000000        0x0 ..\obj\system_stm32f4xx.o
 .text          0x00000000        0x0 ..\obj\spi_adxl.o
 .data          0x00000000        0x0 ..\obj\spi_adxl.o
 .bss           0x00000000        0x0 ..\obj\spi_adxl.o
 .debug_line    0x00000000        0x0 ..\obj\spi_adxl.o
 .debug_str     0x00000000        0x0 ..\obj\spi_adxl.o
 .comment       0x00000000       0x71 ..\obj\spi_adxl.o
 .ARM.attributes
                0x00000000       0x33 ..\obj\spi_adxl.o
 .text          0x00000000        0x0 ..\obj\stm32f4xx_spi.o
 .data          0x00000000        0x0 ..\obj\stm32f4xx_spi.o
 .bss           0x00000000        0x0 ..\obj\stm32f4xx_spi.o
 .text.I2S_Init
                0x00000000      0x1b0 ..\obj\stm32f4xx_spi.o
 .text.SPI_StructInit
                0x00000000       0x48 ..\obj\stm32f4xx_spi.o
 .text.I2S_StructInit
                0x00000000       0x38 ..\obj\stm32f4xx_spi.o
 .text.I2S_Cmd  0x00000000       0x40 ..\obj\stm32f4xx_spi.o
 .text.SPI_DataSizeConfig
                0x00000000       0x38 ..\obj\stm32f4xx_spi.o
 .text.SPI_BiDirectionalLineConfig
                0x00000000       0x40 ..\obj\stm32f4xx_spi.o
 .text.SPI_NSSInternalSoftwareConfig
                0x00000000       0x44 ..\obj\stm32f4xx_spi.o
 .text.SPI_SSOutputCmd
                0x00000000       0x40 ..\obj\stm32f4xx_spi.o
 .text.SPI_TIModeCmd
                0x00000000       0x40 ..\obj\stm32f4xx_spi.o
 .text.I2S_FullDuplexConfig
                0x00000000       0x9c ..\obj\stm32f4xx_spi.o
 .text.SPI_CalculateCRC
                0x00000000       0x40 ..\obj\stm32f4xx_spi.o
 .text.SPI_TransmitCRC
                0x00000000       0x24 ..\obj\stm32f4xx_spi.o
 .text.SPI_GetCRC
                0x00000000       0x34 ..\obj\stm32f4xx_spi.o
 .text.SPI_GetCRCPolynomial
                0x00000000       0x1c ..\obj\stm32f4xx_spi.o
 .text.SPI_I2S_DMACmd
                0x00000000       0x48 ..\obj\stm32f4xx_spi.o
 .text.SPI_I2S_ITConfig
                0x00000000       0x60 ..\obj\stm32f4xx_spi.o
 .text.SPI_I2S_ClearFlag
                0x00000000       0x20 ..\obj\stm32f4xx_spi.o
 .text.SPI_I2S_GetITStatus
                0x00000000       0x78 ..\obj\stm32f4xx_spi.o
 .text.SPI_I2S_ClearITPendingBit
                0x00000000       0x34 ..\obj\stm32f4xx_spi.o
 .text          0x00000000        0x0 ..\obj\stm32f4xx_i2c.o
 .data          0x00000000        0x0 ..\obj\stm32f4xx_i2c.o
 .bss           0x00000000        0x0 ..\obj\stm32f4xx_i2c.o
 .text.I2C_DeInit
                0x00000000       0x74 ..\obj\stm32f4xx_i2c.o
 .text.I2C_StructInit
                0x00000000       0x3c ..\obj\stm32f4xx_i2c.o
 .text.I2C_OwnAddress2Config
                0x00000000       0x40 ..\obj\stm32f4xx_i2c.o
 .text.I2C_DualAddressCmd
                0x00000000       0x40 ..\obj\stm32f4xx_i2c.o
 .text.I2C_GeneralCallCmd
                0x00000000       0x40 ..\obj\stm32f4xx_i2c.o
 .text.I2C_SoftwareResetCmd
                0x00000000       0x44 ..\obj\stm32f4xx_i2c.o
 .text.I2C_StretchClockCmd
                0x00000000       0x40 ..\obj\stm32f4xx_i2c.o
 .text.I2C_FastModeDutyCycleConfig
                0x00000000       0x40 ..\obj\stm32f4xx_i2c.o
 .text.I2C_NACKPositionConfig
                0x00000000       0x40 ..\obj\stm32f4xx_i2c.o
 .text.I2C_SMBusAlertConfig
                0x00000000       0x40 ..\obj\stm32f4xx_i2c.o
 .text.I2C_ARPCmd
                0x00000000       0x40 ..\obj\stm32f4xx_i2c.o
 .text.I2C_TransmitPEC
                0x00000000       0x40 ..\obj\stm32f4xx_i2c.o
 .text.I2C_PECPositionConfig
                0x00000000       0x40 ..\obj\stm32f4xx_i2c.o
 .text.I2C_CalculatePEC
                0x00000000       0x40 ..\obj\stm32f4xx_i2c.o
 .text.I2C_GetPEC
                0x00000000       0x20 ..\obj\stm32f4xx_i2c.o
 .text.I2C_DMACmd
                0x00000000       0x40 ..\obj\stm32f4xx_i2c.o
 .text.I2C_DMALastTransferCmd
                0x00000000       0x40 ..\obj\stm32f4xx_i2c.o
 .text.I2C_ReadRegister
                0x00000000       0x30 ..\obj\stm32f4xx_i2c.o
 .text.I2C_ITConfig
                0x00000000       0x48 ..\obj\stm32f4xx_i2c.o
 .text.I2C_GetLastEvent
                0x00000000       0x44 ..\obj\stm32f4xx_i2c.o
 .text.I2C_ClearFlag
                0x00000000       0x2c ..\obj\stm32f4xx_i2c.o
 .text.I2C_GetITStatus
                0x00000000       0x5c ..\obj\stm32f4xx_i2c.o
 .text.I2C_ClearITPendingBit
                0x00000000       0x2c ..\obj\stm32f4xx_i2c.o
 .text          0x00000000        0x0 ..\obj\stm32f4xx_exti.o
 .data          0x00000000        0x0 ..\obj\stm32f4xx_exti.o
 .bss           0x00000000        0x0 ..\obj\stm32f4xx_exti.o
 .text.EXTI_DeInit
                0x00000000       0x34 ..\obj\stm32f4xx_exti.o
 .text.EXTI_Init
                0x00000000       0xdc ..\obj\stm32f4xx_exti.o
 .text.EXTI_StructInit
                0x00000000       0x2c ..\obj\stm32f4xx_exti.o
 .text.EXTI_GenerateSWInterrupt
                0x00000000       0x24 ..\obj\stm32f4xx_exti.o
 .text.EXTI_GetFlagStatus
                0x00000000       0x34 ..\obj\stm32f4xx_exti.o
 .text.EXTI_ClearFlag
                0x00000000       0x1c ..\obj\stm32f4xx_exti.o
 .text.EXTI_GetITStatus
                0x00000000       0x48 ..\obj\stm32f4xx_exti.o
 .text.EXTI_ClearITPendingBit
                0x00000000       0x1c ..\obj\stm32f4xx_exti.o
 .debug_info    0x00000000      0x347 ..\obj\stm32f4xx_exti.o
 .debug_abbrev  0x00000000      0x1a5 ..\obj\stm32f4xx_exti.o
 .debug_aranges
                0x00000000       0x58 ..\obj\stm32f4xx_exti.o
 .debug_ranges  0x00000000       0x48 ..\obj\stm32f4xx_exti.o
 .debug_line    0x00000000      0x2f4 ..\obj\stm32f4xx_exti.o
 .debug_str     0x00000000      0x369 ..\obj\stm32f4xx_exti.o
 .comment       0x00000000       0x71 ..\obj\stm32f4xx_exti.o
 .ARM.attributes
                0x00000000       0x33 ..\obj\stm32f4xx_exti.o
 .debug_frame   0x00000000       0xec ..\obj\stm32f4xx_exti.o
 .text          0x00000000        0x0 ..\obj\i2c_lis.o
 .data          0x00000000        0x0 ..\obj\i2c_lis.o
 .bss           0x00000000        0x0 ..\obj\i2c_lis.o
 .debug_line    0x00000000        0x0 ..\obj\i2c_lis.o
 .debug_str     0x00000000        0x0 ..\obj\i2c_lis.o
 .comment       0x00000000       0x71 ..\obj\i2c_lis.o
 .ARM.attributes
                0x00000000       0x33 ..\obj\i2c_lis.o
 .text          0x00000000        0x0 ..\obj\misc.o
 .data          0x00000000        0x0 ..\obj\misc.o
 .bss           0x00000000        0x0 ..\obj\misc.o
 .text.NVIC_PriorityGroupConfig
                0x00000000       0x24 ..\obj\misc.o
 .text.NVIC_Init
                0x00000000       0xbc ..\obj\misc.o
 .text.NVIC_SetVectorTable
                0x00000000       0x2c ..\obj\misc.o
 .text.NVIC_SystemLPConfig
                0x00000000       0x40 ..\obj\misc.o
 .text.SysTick_CLKSourceConfig
                0x00000000       0x38 ..\obj\misc.o
 .debug_info    0x00000000      0x53d ..\obj\misc.o
 .debug_abbrev  0x00000000      0x145 ..\obj\misc.o
 .debug_aranges
                0x00000000       0x40 ..\obj\misc.o
 .debug_ranges  0x00000000       0x30 ..\obj\misc.o
 .debug_line    0x00000000      0x294 ..\obj\misc.o
 .debug_str     0x00000000      0x3de ..\obj\misc.o
 .comment       0x00000000       0x71 ..\obj\misc.o
 .ARM.attributes
                0x00000000       0x33 ..\obj\misc.o
 .debug_frame   0x00000000       0x9c ..\obj\misc.o
 .text          0x00000000        0x0 ..\obj\stm32f4xx_tim.o
 .data          0x00000000        0x0 ..\obj\stm32f4xx_tim.o
 .bss           0x00000000        0x0 ..\obj\stm32f4xx_tim.o
 .text.TIM_DeInit
                0x00000000      0x1bc ..\obj\stm32f4xx_tim.o
 .text.TIM_TimeBaseInit
                0x00000000       0xd4 ..\obj\stm32f4xx_tim.o
 .text.TIM_TimeBaseStructInit
                0x00000000       0x34 ..\obj\stm32f4xx_tim.o
 .text.TIM_PrescalerConfig
                0x00000000       0x28 ..\obj\stm32f4xx_tim.o
 .text.TIM_CounterModeConfig
                0x00000000       0x38 ..\obj\stm32f4xx_tim.o
 .text.TIM_SetCounter
                0x00000000       0x1c ..\obj\stm32f4xx_tim.o
 .text.TIM_SetAutoreload
                0x00000000       0x1c ..\obj\stm32f4xx_tim.o
 .text.TIM_GetCounter
                0x00000000       0x18 ..\obj\stm32f4xx_tim.o
 .text.TIM_GetPrescaler
                0x00000000       0x1c ..\obj\stm32f4xx_tim.o
 .text.TIM_UpdateDisableConfig
                0x00000000       0x40 ..\obj\stm32f4xx_tim.o
 .text.TIM_UpdateRequestConfig
                0x00000000       0x40 ..\obj\stm32f4xx_tim.o
 .text.TIM_ARRPreloadConfig
                0x00000000       0x40 ..\obj\stm32f4xx_tim.o
 .text.TIM_SelectOnePulseMode
                0x00000000       0x38 ..\obj\stm32f4xx_tim.o
 .text.TIM_SetClockDivision
                0x00000000       0x38 ..\obj\stm32f4xx_tim.o
 .text.TIM_Cmd  0x00000000       0x40 ..\obj\stm32f4xx_tim.o
 .text.TIM_OC1Init
                0x00000000       0xf4 ..\obj\stm32f4xx_tim.o
 .text.TIM_OC2Init
                0x00000000      0x110 ..\obj\stm32f4xx_tim.o
 .text.TIM_OC3Init
                0x00000000      0x10c ..\obj\stm32f4xx_tim.o
 .text.TIM_OC4Init
                0x00000000       0xcc ..\obj\stm32f4xx_tim.o
 .text.TIM_OCStructInit
                0x00000000       0x44 ..\obj\stm32f4xx_tim.o
 .text.TIM_SelectOCxM
                0x00000000       0xac ..\obj\stm32f4xx_tim.o
 .text.TIM_SetCompare1
                0x00000000       0x1c ..\obj\stm32f4xx_tim.o
 .text.TIM_SetCompare2
                0x00000000       0x1c ..\obj\stm32f4xx_tim.o
 .text.TIM_SetCompare3
                0x00000000       0x1c ..\obj\stm32f4xx_tim.o
 .text.TIM_SetCompare4
                0x00000000       0x1c ..\obj\stm32f4xx_tim.o
 .text.TIM_ForcedOC1Config
                0x00000000       0x38 ..\obj\stm32f4xx_tim.o
 .text.TIM_ForcedOC2Config
                0x00000000       0x3c ..\obj\stm32f4xx_tim.o
 .text.TIM_ForcedOC3Config
                0x00000000       0x38 ..\obj\stm32f4xx_tim.o
 .text.TIM_ForcedOC4Config
                0x00000000       0x3c ..\obj\stm32f4xx_tim.o
 .text.TIM_OC1PreloadConfig
                0x00000000       0x38 ..\obj\stm32f4xx_tim.o
 .text.TIM_OC2PreloadConfig
                0x00000000       0x3c ..\obj\stm32f4xx_tim.o
 .text.TIM_OC3PreloadConfig
                0x00000000       0x38 ..\obj\stm32f4xx_tim.o
 .text.TIM_OC4PreloadConfig
                0x00000000       0x3c ..\obj\stm32f4xx_tim.o
 .text.TIM_OC1FastConfig
                0x00000000       0x38 ..\obj\stm32f4xx_tim.o
 .text.TIM_OC2FastConfig
                0x00000000       0x3c ..\obj\stm32f4xx_tim.o
 .text.TIM_OC3FastConfig
                0x00000000       0x38 ..\obj\stm32f4xx_tim.o
 .text.TIM_OC4FastConfig
                0x00000000       0x3c ..\obj\stm32f4xx_tim.o
 .text.TIM_ClearOC1Ref
                0x00000000       0x38 ..\obj\stm32f4xx_tim.o
 .text.TIM_ClearOC2Ref
                0x00000000       0x3c ..\obj\stm32f4xx_tim.o
 .text.TIM_ClearOC3Ref
                0x00000000       0x38 ..\obj\stm32f4xx_tim.o
 .text.TIM_ClearOC4Ref
                0x00000000       0x3c ..\obj\stm32f4xx_tim.o
 .text.TIM_OC1PolarityConfig
                0x00000000       0x38 ..\obj\stm32f4xx_tim.o
 .text.TIM_OC1NPolarityConfig
                0x00000000       0x38 ..\obj\stm32f4xx_tim.o
 .text.TIM_OC2PolarityConfig
                0x00000000       0x3c ..\obj\stm32f4xx_tim.o
 .text.TIM_OC2NPolarityConfig
                0x00000000       0x3c ..\obj\stm32f4xx_tim.o
 .text.TIM_OC3PolarityConfig
                0x00000000       0x3c ..\obj\stm32f4xx_tim.o
 .text.TIM_OC3NPolarityConfig
                0x00000000       0x3c ..\obj\stm32f4xx_tim.o
 .text.TIM_OC4PolarityConfig
                0x00000000       0x3c ..\obj\stm32f4xx_tim.o
 .text.TIM_CCxCmd
                0x00000000       0x54 ..\obj\stm32f4xx_tim.o
 .text.TIM_CCxNCmd
                0x00000000       0x54 ..\obj\stm32f4xx_tim.o
 .text.TIM_ICInit
                0x00000000       0xa8 ..\obj\stm32f4xx_tim.o
 .text.TIM_ICStructInit
                0x00000000       0x30 ..\obj\stm32f4xx_tim.o
 .text.TIM_PWMIConfig
                0x00000000       0xb8 ..\obj\stm32f4xx_tim.o
 .text.TIM_GetCapture1
                0x00000000       0x18 ..\obj\stm32f4xx_tim.o
 .text.TIM_GetCapture2
                0x00000000       0x18 ..\obj\stm32f4xx_tim.o
 .text.TIM_GetCapture3
                0x00000000       0x18 ..\obj\stm32f4xx_tim.o
 .text.TIM_GetCapture4
                0x00000000       0x18 ..\obj\stm32f4xx_tim.o
 .text.TIM_SetIC1Prescaler
                0x00000000       0x38 ..\obj\stm32f4xx_tim.o
 .text.TIM_SetIC2Prescaler
                0x00000000       0x3c ..\obj\stm32f4xx_tim.o
 .text.TIM_SetIC3Prescaler
                0x00000000       0x38 ..\obj\stm32f4xx_tim.o
 .text.TIM_SetIC4Prescaler
                0x00000000       0x3c ..\obj\stm32f4xx_tim.o
 .text.TIM_BDTRConfig
                0x00000000       0x50 ..\obj\stm32f4xx_tim.o
 .text.TIM_BDTRStructInit
                0x00000000       0x3c ..\obj\stm32f4xx_tim.o
 .text.TIM_CtrlPWMOutputs
                0x00000000       0x4c ..\obj\stm32f4xx_tim.o
 .text.TIM_SelectCOM
                0x00000000       0x40 ..\obj\stm32f4xx_tim.o
 .text.TIM_CCPreloadControl
                0x00000000       0x40 ..\obj\stm32f4xx_tim.o
 .text.TIM_ITConfig
                0x00000000       0x48 ..\obj\stm32f4xx_tim.o
 .text.TIM_GenerateEvent
                0x00000000       0x1c ..\obj\stm32f4xx_tim.o
 .text.TIM_GetFlagStatus
                0x00000000       0x38 ..\obj\stm32f4xx_tim.o
 .text.TIM_ClearFlag
                0x00000000       0x20 ..\obj\stm32f4xx_tim.o
 .text.TIM_GetITStatus
                0x00000000       0x54 ..\obj\stm32f4xx_tim.o
 .text.TIM_ClearITPendingBit
                0x00000000       0x20 ..\obj\stm32f4xx_tim.o
 .text.TIM_DMAConfig
                0x00000000       0x28 ..\obj\stm32f4xx_tim.o
 .text.TIM_DMACmd
                0x00000000       0x48 ..\obj\stm32f4xx_tim.o
 .text.TIM_SelectCCDMA
                0x00000000       0x40 ..\obj\stm32f4xx_tim.o
 .text.TIM_InternalClockConfig
                0x00000000       0x24 ..\obj\stm32f4xx_tim.o
 .text.TIM_ITRxExternalClockConfig
                0x00000000       0x2c ..\obj\stm32f4xx_tim.o
 .text.TIM_TIxExternalClockConfig
                0x00000000       0x54 ..\obj\stm32f4xx_tim.o
 .text.TIM_ETRClockMode1Config
                0x00000000       0x50 ..\obj\stm32f4xx_tim.o
 .text.TIM_ETRClockMode2Config
                0x00000000       0x30 ..\obj\stm32f4xx_tim.o
 .text.TIM_SelectInputTrigger
                0x00000000       0x38 ..\obj\stm32f4xx_tim.o
 .text.TIM_SelectOutputTrigger
                0x00000000       0x38 ..\obj\stm32f4xx_tim.o
 .text.TIM_SelectSlaveMode
                0x00000000       0x38 ..\obj\stm32f4xx_tim.o
 .text.TIM_SelectMasterSlaveMode
                0x00000000       0x38 ..\obj\stm32f4xx_tim.o
 .text.TIM_ETRConfig
                0x00000000       0x48 ..\obj\stm32f4xx_tim.o
 .text.TIM_EncoderInterfaceConfig
                0x00000000       0x8c ..\obj\stm32f4xx_tim.o
 .text.TIM_SelectHallSensor
                0x00000000       0x40 ..\obj\stm32f4xx_tim.o
 .text.TIM_RemapConfig
                0x00000000       0x20 ..\obj\stm32f4xx_tim.o
 .text.TI1_Config
                0x00000000       0x78 ..\obj\stm32f4xx_tim.o
 .text.TI2_Config
                0x00000000       0x8c ..\obj\stm32f4xx_tim.o
 .text.TI3_Config
                0x00000000       0x84 ..\obj\stm32f4xx_tim.o
 .text.TI4_Config
                0x00000000       0x90 ..\obj\stm32f4xx_tim.o
 .debug_info    0x00000000     0x1c61 ..\obj\stm32f4xx_tim.o
 .debug_abbrev  0x00000000      0x187 ..\obj\stm32f4xx_tim.o
 .debug_aranges
                0x00000000      0x2f8 ..\obj\stm32f4xx_tim.o
 .debug_ranges  0x00000000      0x2e8 ..\obj\stm32f4xx_tim.o
 .debug_line    0x00000000      0xab4 ..\obj\stm32f4xx_tim.o
 .debug_str     0x00000000      0xde0 ..\obj\stm32f4xx_tim.o
 .comment       0x00000000       0x71 ..\obj\stm32f4xx_tim.o
 .ARM.attributes
                0x00000000       0x33 ..\obj\stm32f4xx_tim.o
 .debug_frame   0x00000000      0xa3c ..\obj\stm32f4xx_tim.o

Memory Configuration

Name             Origin             Length             Attributes
rom              0x08000000         0x00100000         xr
ram              0x20000000         0x00020000         xrw
ram1             0x10000000         0x00010000         xrw
*default*        0x00000000         0xffffffff

Linker script and memory map

                0x20020000                _eram = 0x20020000

.text           0x08000000     0x15fc
 *(.isr_vector)
 .isr_vector    0x08000000      0x188 ..\obj\startup_stm32f4xx.o
                0x08000000                g_pfnVectors
 *(.text*)
 .text.Accelerometer_Init
                0x08000188      0x138 ..\obj\accelerometers.o
                0x08000188                Accelerometer_Init
 .text.SPI_init
                0x080002c0      0x12c ..\obj\accelerometers.o
                0x080002c0                SPI_init
 .text.I2C1_init
                0x080003ec       0x90 ..\obj\accelerometers.o
                0x080003ec                I2C1_init
 .text.I2C_start
                0x0800047c       0x88 ..\obj\accelerometers.o
                0x0800047c                I2C_start
 .text.I2C_write
                0x08000504       0x30 ..\obj\accelerometers.o
                0x08000504                I2C_write
 .text.I2C_read_ack
                0x08000534       0x3c ..\obj\accelerometers.o
                0x08000534                I2C_read_ack
 .text.I2C_read_nack
                0x08000570       0x3c ..\obj\accelerometers.o
                0x08000570                I2C_read_nack
 .text.I2C_stop
                0x080005ac       0x2c ..\obj\accelerometers.o
                0x080005ac                I2C_stop
 .text.i2c_read_registry
                0x080005d8       0x50 ..\obj\accelerometers.o
                0x080005d8                i2c_read_registry
 .text.SPI_Write
                0x08000628       0x60 ..\obj\accelerometers.o
                0x08000628                SPI_Write
 .text.SPI_SendByte
                0x08000688       0x90 ..\obj\accelerometers.o
 .text.SPI_Read
                0x08000718       0x6c ..\obj\accelerometers.o
                0x08000718                SPI_Read
 .text.SPI_TIMEOUT_UserCallback
                0x08000784        0x8 ..\obj\accelerometers.o
                0x08000784                SPI_TIMEOUT_UserCallback
 .text.Accelerometer_readAxis
                0x0800078c      0x19c ..\obj\accelerometers.o
                0x0800078c                Accelerometer_readAxis
 .text.Default_Reset_Handler
                0x08000928       0x5c ..\obj\startup_stm32f4xx.o
                0x08000928                Default_Reset_Handler
                0x08000928                Reset_Handler
 .text.Default_Handler
                0x08000984        0x8 ..\obj\startup_stm32f4xx.o
                0x08000984                RTC_Alarm_IRQHandler
                0x08000984                HASH_RNG_IRQHandler
                0x08000984                EXTI2_IRQHandler
                0x08000984                TIM8_CC_IRQHandler
                0x08000984                DebugMon_Handler
                0x08000984                TIM1_CC_IRQHandler
                0x08000984                DMA2_Stream5_IRQHandler
                0x08000984                HardFault_Handler
                0x08000984                DMA1_Stream5_IRQHandler
                0x08000984                SysTick_Handler
                0x08000984                PVD_IRQHandler
                0x08000984                SDIO_IRQHandler
                0x08000984                TAMP_STAMP_IRQHandler
                0x08000984                PendSV_Handler
                0x08000984                NMI_Handler
                0x08000984                CAN2_RX1_IRQHandler
                0x08000984                EXTI3_IRQHandler
                0x08000984                TIM8_TRG_COM_TIM14_IRQHandler
                0x08000984                TIM1_UP_TIM10_IRQHandler
                0x08000984                TIM8_UP_TIM13_IRQHandler
                0x08000984                I2C3_ER_IRQHandler
                0x08000984                EXTI0_IRQHandler
                0x08000984                I2C2_EV_IRQHandler
                0x08000984                DMA1_Stream2_IRQHandler
                0x08000984                CAN1_RX0_IRQHandler
                0x08000984                FPU_IRQHandler
                0x08000984                OTG_HS_WKUP_IRQHandler
                0x08000984                UsageFault_Handler
                0x08000984                CAN2_SCE_IRQHandler
                0x08000984                DMA2_Stream2_IRQHandler
                0x08000984                SPI1_IRQHandler
                0x08000984                TIM6_DAC_IRQHandler
                0x08000984                TIM1_BRK_TIM9_IRQHandler
                0x08000984                DCMI_IRQHandler
                0x08000984                CAN2_RX0_IRQHandler
                0x08000984                DMA2_Stream3_IRQHandler
                0x08000984                USART6_IRQHandler
                0x08000984                USART3_IRQHandler
                0x08000984                CRYP_IRQHandler
                0x08000984                CAN1_RX1_IRQHandler
                0x08000984                UART5_IRQHandler
                0x08000984                DMA2_Stream0_IRQHandler
                0x08000984                TIM4_IRQHandler
                0x08000984                I2C1_EV_IRQHandler
                0x08000984                DMA1_Stream6_IRQHandler
                0x08000984                DMA1_Stream1_IRQHandler
                0x08000984                UART4_IRQHandler
                0x08000984                TIM3_IRQHandler
                0x08000984                RCC_IRQHandler
                0x08000984                TIM8_BRK_TIM12_IRQHandler
                0x08000984                EXTI15_10_IRQHandler
                0x08000984                ADC_IRQHandler
                0x08000984                DMA1_Stream7_IRQHandler
                0x08000984                TIM7_IRQHandler
                0x08000984                CAN2_TX_IRQHandler
                0x08000984                TIM5_IRQHandler
                0x08000984                DMA2_Stream7_IRQHandler
                0x08000984                I2C3_EV_IRQHandler
                0x08000984                EXTI9_5_IRQHandler
                0x08000984                RTC_WKUP_IRQHandler
                0x08000984                ETH_WKUP_IRQHandler
                0x08000984                SPI2_IRQHandler
                0x08000984                OTG_HS_EP1_IN_IRQHandler
                0x08000984                MemManage_Handler
                0x08000984                DMA1_Stream0_IRQHandler
                0x08000984                CAN1_TX_IRQHandler
                0x08000984                SVC_Handler
                0x08000984                EXTI4_IRQHandler
                0x08000984                FSMC_IRQHandler
                0x08000984                ETH_IRQHandler
                0x08000984                OTG_HS_EP1_OUT_IRQHandler
                0x08000984                WWDG_IRQHandler
                0x08000984                TIM2_IRQHandler
                0x08000984                OTG_FS_WKUP_IRQHandler
                0x08000984                TIM1_TRG_COM_TIM11_IRQHandler
                0x08000984                OTG_HS_IRQHandler
                0x08000984                EXTI1_IRQHandler
                0x08000984                USART2_IRQHandler
                0x08000984                I2C2_ER_IRQHandler
                0x08000984                DMA2_Stream1_IRQHandler
                0x08000984                CAN1_SCE_IRQHandler
                0x08000984                FLASH_IRQHandler
                0x08000984                DMA2_Stream4_IRQHandler
                0x08000984                BusFault_Handler
                0x08000984                USART1_IRQHandler
                0x08000984                OTG_FS_IRQHandler
                0x08000984                SPI3_IRQHandler
                0x08000984                DMA1_Stream4_IRQHandler
                0x08000984                I2C1_ER_IRQHandler
                0x08000984                DMA2_Stream6_IRQHandler
                0x08000984                DMA1_Stream3_IRQHandler
 .text.main     0x0800098c       0x5c ..\obj\main.o
                0x0800098c                main
 .text.RCC_GetClocksFreq
                0x080009e8      0x154 ..\obj\stm32f4xx_rcc.o
                0x080009e8                RCC_GetClocksFreq
 .text.RCC_AHB1PeriphClockCmd
                0x08000b3c       0x3c ..\obj\stm32f4xx_rcc.o
                0x08000b3c                RCC_AHB1PeriphClockCmd
 .text.RCC_APB1PeriphClockCmd
                0x08000b78       0x3c ..\obj\stm32f4xx_rcc.o
                0x08000b78                RCC_APB1PeriphClockCmd
 .text.RCC_APB2PeriphClockCmd
                0x08000bb4       0x3c ..\obj\stm32f4xx_rcc.o
                0x08000bb4                RCC_APB2PeriphClockCmd
 .text.RCC_APB1PeriphResetCmd
                0x08000bf0       0x3c ..\obj\stm32f4xx_rcc.o
                0x08000bf0                RCC_APB1PeriphResetCmd
 .text.RCC_APB2PeriphResetCmd
                0x08000c2c       0x3c ..\obj\stm32f4xx_rcc.o
                0x08000c2c                RCC_APB2PeriphResetCmd
 .text.GPIO_Init
                0x08000c68      0x11c ..\obj\stm32f4xx_gpio.o
                0x08000c68                GPIO_Init
 .text.GPIO_SetBits
                0x08000d84       0x1c ..\obj\stm32f4xx_gpio.o
                0x08000d84                GPIO_SetBits
 .text.GPIO_ResetBits
                0x08000da0       0x1c ..\obj\stm32f4xx_gpio.o
                0x08000da0                GPIO_ResetBits
 .text.GPIO_PinAFConfig
                0x08000dbc       0x8c ..\obj\stm32f4xx_gpio.o
                0x08000dbc                GPIO_PinAFConfig
 .text.SystemInit
                0x08000e48       0x58 ..\obj\system_stm32f4xx.o
                0x08000e48                SystemInit
 .text.SystemCoreClockUpdate
                0x08000ea0       0xf8 ..\obj\system_stm32f4xx.o
                0x08000ea0                SystemCoreClockUpdate
 .text.SetSysClock
                0x08000f98       0xf4 ..\obj\system_stm32f4xx.o
 .text.SPI_I2S_DeInit
                0x0800108c       0x74 ..\obj\stm32f4xx_spi.o
                0x0800108c                SPI_I2S_DeInit
 .text.SPI_Init
                0x08001100       0x88 ..\obj\stm32f4xx_spi.o
                0x08001100                SPI_Init
 .text.SPI_Cmd  0x08001188       0x40 ..\obj\stm32f4xx_spi.o
                0x08001188                SPI_Cmd
 .text.SPI_I2S_ReceiveData
                0x080011c8       0x1c ..\obj\stm32f4xx_spi.o
                0x080011c8                SPI_I2S_ReceiveData
 .text.SPI_I2S_SendData
                0x080011e4       0x1c ..\obj\stm32f4xx_spi.o
                0x080011e4                SPI_I2S_SendData
 .text.SPI_I2S_GetFlagStatus
                0x08001200       0x38 ..\obj\stm32f4xx_spi.o
                0x08001200                SPI_I2S_GetFlagStatus
 .text.I2C_Init
                0x08001238      0x184 ..\obj\stm32f4xx_i2c.o
                0x08001238                I2C_Init
 .text.I2C_Cmd  0x080013bc       0x40 ..\obj\stm32f4xx_i2c.o
                0x080013bc                I2C_Cmd
 .text.I2C_GenerateSTART
                0x080013fc       0x40 ..\obj\stm32f4xx_i2c.o
                0x080013fc                I2C_GenerateSTART
 .text.I2C_GenerateSTOP
                0x0800143c       0x40 ..\obj\stm32f4xx_i2c.o
                0x0800143c                I2C_GenerateSTOP
 .text.I2C_Send7bitAddress
                0x0800147c       0x3c ..\obj\stm32f4xx_i2c.o
                0x0800147c                I2C_Send7bitAddress
 .text.I2C_AcknowledgeConfig
                0x080014b8       0x40 ..\obj\stm32f4xx_i2c.o
                0x080014b8                I2C_AcknowledgeConfig
 .text.I2C_SendData
                0x080014f8       0x20 ..\obj\stm32f4xx_i2c.o
                0x080014f8                I2C_SendData
 .text.I2C_ReceiveData
                0x08001518       0x1c ..\obj\stm32f4xx_i2c.o
                0x08001518                I2C_ReceiveData
 .text.I2C_CheckEvent
                0x08001534       0x60 ..\obj\stm32f4xx_i2c.o
                0x08001534                I2C_CheckEvent
 .text.I2C_GetFlagStatus
                0x08001594       0x68 ..\obj\stm32f4xx_i2c.o
                0x08001594                I2C_GetFlagStatus
 *(.init)
 *(.fini)
 *crtbegin.o(.ctors)
 *crtbegin?.o(.ctors)
 *(EXCLUDE_FILE(*crtend.o *crtend?.o) .ctors)
 *(SORT(.ctors.*))
 *(.ctors)
 *crtbegin.o(.dtors)
 *crtbegin?.o(.dtors)
 *(EXCLUDE_FILE(*crtend.o *crtend?.o) .dtors)
 *(SORT(.dtors.*))
 *(.dtors)
 *(.rodata*)
 *(.eh_fram e*)

.glue_7         0x080015fc        0x0
 .glue_7        0x00000000        0x0 linker stubs

.glue_7t        0x080015fc        0x0
 .glue_7t       0x00000000        0x0 linker stubs

.vfp11_veneer   0x080015fc        0x0
 .vfp11_veneer  0x00000000        0x0 linker stubs

.v4_bx          0x080015fc        0x0
 .v4_bx         0x00000000        0x0 linker stubs

.iplt           0x080015fc        0x0
 .iplt          0x00000000        0x0 ..\obj\accelerometers.o

.rel.dyn        0x080015fc        0x0
 .rel.iplt      0x00000000        0x0 ..\obj\accelerometers.o

.ARM.extab
 *(.ARM.extab* .gnu.linkonce.armextab.*)
                0x080015fc                __exidx_start = .

.ARM.exidx
 *(.ARM.exidx* .gnu.linkonce.armexidx.*)
                0x080015fc                __exidx_end = .
                0x080015fc                __etext = .
                0x080015fc                _sidata = __etext

.data           0x20000000       0x28 load address 0x080015fc
                0x20000000                __data_start__ = .
                0x20000000                _sdata = __data_start__
 *(vtable)
 *(.data*)
 .data          0x20000000        0x4 ..\obj\accelerometers.o
                0x20000000                SPITimeout
 .data          0x20000004       0x10 ..\obj\stm32f4xx_rcc.o
 .data          0x20000014       0x14 ..\obj\system_stm32f4xx.o
                0x20000014                SystemCoreClock
                0x20000018                AHBPrescTable
                0x20000028                . = ALIGN (0x4)
                0x20000028                PROVIDE (__preinit_array_start, .)
 *(.preinit_array)
                0x20000028                PROVIDE (__preinit_array_end, .)
                0x20000028                . = ALIGN (0x4)
                0x20000028                PROVIDE (__init_array_start, .)
 *(SORT(.init_array.*))
 *(.init_array)
                0x20000028                PROVIDE (__init_array_end, .)
                0x20000028                . = ALIGN (0x4)
                0x20000028                PROVIDE (__fini_array_start, .)
 *(SORT(.fini_array.*))
 *(.fini_array)
                0x20000028                PROVIDE (__fini_array_end, .)
 *(.jcr*)
                0x20000028                . = ALIGN (0x4)
                0x20000028                __data_end__ = .
                0x20000028                _edata = __data_end__

.igot.plt       0x20000028        0x0 load address 0x08001624
 .igot.plt      0x00000000        0x0 ..\obj\accelerometers.o

.bss            0x20000028        0x4 load address 0x08001624
                0x20000028                . = ALIGN (0x4)
                0x20000028                __bss_start__ = .
                0x20000028                _sbss = __bss_start__
 *(.bss*)
 *(COMMON)
 COMMON         0x20000028        0x3 ..\obj\main.o
                0x20000028                x
                0x20000029                z
                0x2000002a                y
                0x2000002c                . = ALIGN (0x4)
 *fill*         0x2000002b        0x1 
                0x2000002c                __bss_end__ = .
                0x2000002c                _ebss = __bss_end__

.heap           0x2000002c        0x0
                0x2000002c                __end__ = .
                0x2000002c                _end = __end__
                0x2000002c                end = __end__
 *(.heap*)
                0x2000002c                __HeapLimit = .

.co_stack       0x2000002c      0x804 load address 0x08001628
                0x20000030                . = ALIGN (0x8)
 *fill*         0x2000002c        0x4 
 *(.co_stack .co_stack.*)
 .co_stack      0x20000030      0x800 ..\obj\startup_stm32f4xx.o
                0x20000030                pulStack
                0x20020000                __StackTop = (ORIGIN (ram) + 0x20000)
                0x2001f7fc                __StackLimit = (__StackTop - SIZEOF (.co_stack))
                0x20020000                PROVIDE (__stack, __StackTop)
                0x00000001                ASSERT ((__StackLimit >= __HeapLimit), region ram  overflowed with stack)
LOAD ..\obj\accelerometers.o
LOAD ..\obj\i2c_adxl.o
LOAD ..\obj\spi.o
LOAD ..\obj\i2c.o
LOAD ..\obj\spi_lis.o
LOAD ..\obj\startup_stm32f4xx.o
LOAD ..\obj\main.o
LOAD ..\obj\stm32f4xx_rcc.o
LOAD ..\obj\stm32f4xx_gpio.o
LOAD ..\obj\system_stm32f4xx.o
LOAD ..\obj\spi_adxl.o
LOAD ..\obj\stm32f4xx_spi.o
LOAD ..\obj\stm32f4xx_i2c.o
LOAD ..\obj\stm32f4xx_exti.o
LOAD ..\obj\i2c_lis.o
LOAD ..\obj\misc.o
LOAD ..\obj\stm32f4xx_tim.o
START GROUP
LOAD c:/program files (x86)/gnu tools arm embedded/4.8 2014q1/bin/../lib/gcc/arm-none-eabi/4.8.3/armv7e-m\libgcc.a
LOAD c:/program files (x86)/gnu tools arm embedded/4.8 2014q1/bin/../lib/gcc/arm-none-eabi/4.8.3/../../../../arm-none-eabi/lib/armv7e-m\libg.a
LOAD c:/program files (x86)/gnu tools arm embedded/4.8 2014q1/bin/../lib/gcc/arm-none-eabi/4.8.3/../../../../arm-none-eabi/lib/armv7e-m\libc.a
END GROUP
OUTPUT(STM32F4_AccelerometersProject.elf elf32-littlearm)

.debug_info     0x00000000     0x3a23
 .debug_info    0x00000000      0x99c ..\obj\accelerometers.o
 .debug_info    0x0000099c       0xed ..\obj\startup_stm32f4xx.o
 .debug_info    0x00000a89      0x1be ..\obj\main.o
 .debug_info    0x00000c47      0xc4d ..\obj\stm32f4xx_rcc.o
 .debug_info    0x00001894      0x602 ..\obj\stm32f4xx_gpio.o
 .debug_info    0x00001e96      0x592 ..\obj\system_stm32f4xx.o
 .debug_info    0x00002428      0xb07 ..\obj\stm32f4xx_spi.o
 .debug_info    0x00002f2f      0xaf4 ..\obj\stm32f4xx_i2c.o

.debug_abbrev   0x00000000      0xb28
 .debug_abbrev  0x00000000      0x20d ..\obj\accelerometers.o
 .debug_abbrev  0x0000020d       0xb0 ..\obj\startup_stm32f4xx.o
 .debug_abbrev  0x000002bd       0xe4 ..\obj\main.o
 .debug_abbrev  0x000003a1      0x1e3 ..\obj\stm32f4xx_rcc.o
 .debug_abbrev  0x00000584      0x1a3 ..\obj\stm32f4xx_gpio.o
 .debug_abbrev  0x00000727      0x136 ..\obj\system_stm32f4xx.o
 .debug_abbrev  0x0000085d      0x167 ..\obj\stm32f4xx_spi.o
 .debug_abbrev  0x000009c4      0x164 ..\obj\stm32f4xx_i2c.o

.debug_aranges  0x00000000      0x508
 .debug_aranges
                0x00000000       0x90 ..\obj\accelerometers.o
 .debug_aranges
                0x00000090       0x28 ..\obj\startup_stm32f4xx.o
 .debug_aranges
                0x000000b8       0x20 ..\obj\main.o
 .debug_aranges
                0x000000d8      0x178 ..\obj\stm32f4xx_rcc.o
 .debug_aranges
                0x00000250       0x88 ..\obj\stm32f4xx_gpio.o
 .debug_aranges
                0x000002d8       0x30 ..\obj\system_stm32f4xx.o
 .debug_aranges
                0x00000308       0xe0 ..\obj\stm32f4xx_spi.o
 .debug_aranges
                0x000003e8      0x120 ..\obj\stm32f4xx_i2c.o

.debug_ranges   0x00000000      0x488
 .debug_ranges  0x00000000       0x80 ..\obj\accelerometers.o
 .debug_ranges  0x00000080       0x18 ..\obj\startup_stm32f4xx.o
 .debug_ranges  0x00000098       0x10 ..\obj\main.o
 .debug_ranges  0x000000a8      0x168 ..\obj\stm32f4xx_rcc.o
 .debug_ranges  0x00000210       0x78 ..\obj\stm32f4xx_gpio.o
 .debug_ranges  0x00000288       0x20 ..\obj\system_stm32f4xx.o
 .debug_ranges  0x000002a8       0xd0 ..\obj\stm32f4xx_spi.o
 .debug_ranges  0x00000378      0x110 ..\obj\stm32f4xx_i2c.o

.debug_line     0x00000000     0x1c99
 .debug_line    0x00000000      0x48f ..\obj\accelerometers.o
 .debug_line    0x0000048f       0xb1 ..\obj\startup_stm32f4xx.o
 .debug_line    0x00000540      0x201 ..\obj\main.o
 .debug_line    0x00000741      0x5e9 ..\obj\stm32f4xx_rcc.o
 .debug_line    0x00000d2a      0x38e ..\obj\stm32f4xx_gpio.o
 .debug_line    0x000010b8      0x216 ..\obj\system_stm32f4xx.o
 .debug_line    0x000012ce      0x4a1 ..\obj\stm32f4xx_spi.o
 .debug_line    0x0000176f      0x52a ..\obj\stm32f4xx_i2c.o

.debug_str      0x00000000     0x1731
 .debug_str     0x00000000      0x69b ..\obj\accelerometers.o
                                0x715 (size before relaxing)
 .debug_str     0x0000069b       0xc0 ..\obj\startup_stm32f4xx.o
                                0x157 (size before relaxing)
 .debug_str     0x0000075b       0x44 ..\obj\main.o
                                0x224 (size before relaxing)
 .debug_str     0x0000079f      0x66f ..\obj\stm32f4xx_rcc.o
                                0x860 (size before relaxing)
 .debug_str     0x00000e0e      0x19e ..\obj\stm32f4xx_gpio.o
                                0x4b3 (size before relaxing)
 .debug_str     0x00000fac      0x128 ..\obj\system_stm32f4xx.o
                                0x3ba (size before relaxing)
 .debug_str     0x000010d4      0x31a ..\obj\stm32f4xx_spi.o
                                0x69a (size before relaxing)
 .debug_str     0x000013ee      0x343 ..\obj\stm32f4xx_i2c.o
                                0x675 (size before relaxing)

.comment        0x00000000       0x70
 .comment       0x00000000       0x70 ..\obj\accelerometers.o
                                 0x71 (size before relaxing)
 .comment       0x00000000       0x71 ..\obj\startup_stm32f4xx.o
 .comment       0x00000000       0x71 ..\obj\main.o
 .comment       0x00000000       0x71 ..\obj\stm32f4xx_rcc.o
 .comment       0x00000000       0x71 ..\obj\stm32f4xx_gpio.o
 .comment       0x00000000       0x71 ..\obj\system_stm32f4xx.o
 .comment       0x00000000       0x71 ..\obj\stm32f4xx_spi.o
 .comment       0x00000000       0x71 ..\obj\stm32f4xx_i2c.o

.ARM.attributes
                0x00000000       0x33
 .ARM.attributes
                0x00000000       0x33 ..\obj\accelerometers.o
 .ARM.attributes
                0x00000033       0x33 ..\obj\startup_stm32f4xx.o
 .ARM.attributes
                0x00000066       0x33 ..\obj\main.o
 .ARM.attributes
                0x00000099       0x33 ..\obj\stm32f4xx_rcc.o
 .ARM.attributes
                0x000000cc       0x33 ..\obj\stm32f4xx_gpio.o
 .ARM.attributes
                0x000000ff       0x33 ..\obj\system_stm32f4xx.o
 .ARM.attributes
                0x00000132       0x33 ..\obj\stm32f4xx_spi.o
 .ARM.attributes
                0x00000165       0x33 ..\obj\stm32f4xx_i2c.o

.debug_frame    0x00000000      0xfb8
 .debug_frame   0x00000000      0x1e4 ..\obj\accelerometers.o
 .debug_frame   0x000001e4       0x48 ..\obj\startup_stm32f4xx.o
 .debug_frame   0x0000022c       0x30 ..\obj\main.o
 .debug_frame   0x0000025c      0x4d8 ..\obj\stm32f4xx_rcc.o
 .debug_frame   0x00000734      0x19c ..\obj\stm32f4xx_gpio.o
 .debug_frame   0x000008d0       0x64 ..\obj\system_stm32f4xx.o
 .debug_frame   0x00000934      0x2d0 ..\obj\stm32f4xx_spi.o
 .debug_frame   0x00000c04      0x3b4 ..\obj\stm32f4xx_i2c.o
